Archive member included to satisfy reference by file (symbol)

/Users/tedd/dev/mcuxpresso/__shasta/_r01lib_frdm_mcxa153/Debug/lib_r01lib_frdm_mcxa153.a(startup_mcxa153.o)
                              (ResetISR)
/Users/tedd/dev/mcuxpresso/__shasta/_r01lib_frdm_mcxa153/Debug/lib_r01lib_frdm_mcxa153.a(InterruptIn.o)
                              ./_r01lib_irq/irq.o (irq_handler)
/Users/tedd/dev/mcuxpresso/__shasta/_r01lib_frdm_mcxa153/Debug/lib_r01lib_frdm_mcxa153.a(io.o)
                              /Users/tedd/dev/mcuxpresso/__shasta/_r01lib_frdm_mcxa153/Debug/lib_r01lib_frdm_mcxa153.a(InterruptIn.o) (DigitalIn::~DigitalIn())
/Users/tedd/dev/mcuxpresso/__shasta/_r01lib_frdm_mcxa153/Debug/lib_r01lib_frdm_mcxa153.a(mcu.o)
                              ./source/main.o (wait(double))
/Users/tedd/dev/mcuxpresso/__shasta/_r01lib_frdm_mcxa153/Debug/lib_r01lib_frdm_mcxa153.a(obj.o)
                              /Users/tedd/dev/mcuxpresso/__shasta/_r01lib_frdm_mcxa153/Debug/lib_r01lib_frdm_mcxa153.a(io.o) (Obj::~Obj())
/Users/tedd/dev/mcuxpresso/__shasta/_r01lib_frdm_mcxa153/Debug/lib_r01lib_frdm_mcxa153.a(spi.o)
                              ./source/main.o (SPI::frequency(unsigned long))
/Users/tedd/dev/mcuxpresso/__shasta/_r01lib_frdm_mcxa153/Debug/lib_r01lib_frdm_mcxa153.a(SPI_for_AFE.o)
                              ./source/main.o (SPI_for_AFE::~SPI_for_AFE())
/Users/tedd/dev/mcuxpresso/__shasta/_r01lib_frdm_mcxa153/Debug/lib_r01lib_frdm_mcxa153.a(fsl_clock.o)
                              /Users/tedd/dev/mcuxpresso/__shasta/_r01lib_frdm_mcxa153/Debug/lib_r01lib_frdm_mcxa153.a(mcu.o) (CLOCK_AttachClk)
/Users/tedd/dev/mcuxpresso/__shasta/_r01lib_frdm_mcxa153/Debug/lib_r01lib_frdm_mcxa153.a(fsl_common_arm.o)
                              /Users/tedd/dev/mcuxpresso/__shasta/_r01lib_frdm_mcxa153/Debug/lib_r01lib_frdm_mcxa153.a(mcu.o) (SDK_DelayAtLeastUs)
/Users/tedd/dev/mcuxpresso/__shasta/_r01lib_frdm_mcxa153/Debug/lib_r01lib_frdm_mcxa153.a(fsl_gpio.o)
                              /Users/tedd/dev/mcuxpresso/__shasta/_r01lib_frdm_mcxa153/Debug/lib_r01lib_frdm_mcxa153.a(io.o) (GPIO_PinInit)
/Users/tedd/dev/mcuxpresso/__shasta/_r01lib_frdm_mcxa153/Debug/lib_r01lib_frdm_mcxa153.a(fsl_lpspi.o)
                              /Users/tedd/dev/mcuxpresso/__shasta/_r01lib_frdm_mcxa153/Debug/lib_r01lib_frdm_mcxa153.a(spi.o) (LPSPI_MasterInit)
/Users/tedd/dev/mcuxpresso/__shasta/_r01lib_frdm_mcxa153/Debug/lib_r01lib_frdm_mcxa153.a(fsl_reset.o)
                              /Users/tedd/dev/mcuxpresso/__shasta/_r01lib_frdm_mcxa153/Debug/lib_r01lib_frdm_mcxa153.a(spi.o) (RESET_SetPeripheralReset)
/Users/tedd/dev/mcuxpresso/__shasta/_r01lib_frdm_mcxa153/Debug/lib_r01lib_frdm_mcxa153.a(fsl_utick.o)
                              /Users/tedd/dev/mcuxpresso/__shasta/_r01lib_frdm_mcxa153/Debug/lib_r01lib_frdm_mcxa153.a(mcu.o) (UTICK_Init)
/Users/tedd/dev/mcuxpresso/__shasta/_r01lib_frdm_mcxa153/Debug/lib_r01lib_frdm_mcxa153.a(system_MCXA153.o)
                              /Users/tedd/dev/mcuxpresso/__shasta/_r01lib_frdm_mcxa153/Debug/lib_r01lib_frdm_mcxa153.a(startup_mcxa153.o) (SystemInit)
/Users/tedd/dev/mcuxpresso/__shasta/_r01lib_frdm_mcxa153/Debug/lib_r01lib_frdm_mcxa153.a(board.o)
                              /Users/tedd/dev/mcuxpresso/__shasta/_r01lib_frdm_mcxa153/Debug/lib_r01lib_frdm_mcxa153.a(mcu.o) (BOARD_InitDebugConsole)
/Users/tedd/dev/mcuxpresso/__shasta/_r01lib_frdm_mcxa153/Debug/lib_r01lib_frdm_mcxa153.a(clock_config.o)
                              /Users/tedd/dev/mcuxpresso/__shasta/_r01lib_frdm_mcxa153/Debug/lib_r01lib_frdm_mcxa153.a(mcu.o) (BOARD_InitBootClocks)
/Users/tedd/dev/mcuxpresso/__shasta/_r01lib_frdm_mcxa153/Debug/lib_r01lib_frdm_mcxa153.a(pin_mux.o)
                              /Users/tedd/dev/mcuxpresso/__shasta/_r01lib_frdm_mcxa153/Debug/lib_r01lib_frdm_mcxa153.a(mcu.o) (BOARD_InitPins)
/Users/tedd/dev/mcuxpresso/__shasta/_r01lib_frdm_mcxa153/Debug/lib_r01lib_frdm_mcxa153.a(fsl_assert.o)
                              /Users/tedd/dev/mcuxpresso/__shasta/_r01lib_frdm_mcxa153/Debug/lib_r01lib_frdm_mcxa153.a(InterruptIn.o) (__assert_func)
/Users/tedd/dev/mcuxpresso/__shasta/_r01lib_frdm_mcxa153/Debug/lib_r01lib_frdm_mcxa153.a(fsl_spc.o)
                              /Users/tedd/dev/mcuxpresso/__shasta/_r01lib_frdm_mcxa153/Debug/lib_r01lib_frdm_mcxa153.a(clock_config.o) (SPC_SetSRAMOperateVoltage)
/Applications/MCUXpressoIDE_25.6.136/ide/plugins/com.nxp.mcuxpresso.tools.macosx_25.6.0.202501151204/tools/bin/../lib/gcc/arm-none-eabi/14.2.1/thumb/v8-m.main/nofp/libgcc.a(_arm_muldf3.o)
                              /Users/tedd/dev/mcuxpresso/__shasta/_r01lib_frdm_mcxa153/Debug/lib_r01lib_frdm_mcxa153.a(mcu.o) (__aeabi_dmul)
/Applications/MCUXpressoIDE_25.6.136/ide/plugins/com.nxp.mcuxpresso.tools.macosx_25.6.0.202501151204/tools/bin/../lib/gcc/arm-none-eabi/14.2.1/thumb/v8-m.main/nofp/libgcc.a(_arm_mulsf3.o)
[...]
Memory Configuration

Name             Origin             Length             Attributes
PROGRAM_FLASH    0x00000000         0x00020000         xr
SRAM             0x20000000         0x00006000         xrw
SRAMX0           0x04000000         0x00002000         xrw
SRAMX1           0x04002000         0x00001000         xrw
*default*        0x00000000         0xffffffff

Linker script and memory map

LOAD ./source/main.o
LOAD ./_r01lib_irq/irq.o
LOAD /Users/tedd/dev/mcuxpresso/__shasta/_r01lib_frdm_mcxa153/Debug/lib_r01lib_frdm_mcxa153.a
START GROUP
LOAD /Applications/MCUXpressoIDE_25.6.136/ide/plugins/com.nxp.mcuxpresso.tools.macosx_25.6.0.202501151204/tools/bin/../lib/gcc/arm-none-eabi/14.2.1/thumb/v8-m.main/nofp/libgcc.a
LOAD /Applications/MCUXpressoIDE_25.6.136/ide/plugins/com.nxp.mcuxpresso.tools.macosx_25.6.0.202501151204/tools/bin/../lib/gcc/arm-none-eabi/14.2.1/../../../../arm-none-eabi/lib/thumb/v8-m.main/nofp/libc_nano.a
LOAD /Applications/MCUXpressoIDE_25.6.136/ide/plugins/com.nxp.mcuxpresso.tools.macosx_25.6.0.202501151204/tools/bin/../lib/gcc/arm-none-eabi/14.2.1/../../../../arm-none-eabi/lib/thumb/v8-m.main/nofp/libstdc++_nano.a
LOAD /Applications/MCUXpressoIDE_25.6.136/ide/plugins/com.nxp.mcuxpresso.tools.macosx_25.6.0.202501151204/tools/bin/../lib/gcc/arm-none-eabi/14.2.1/../../../../arm-none-eabi/lib/thumb/v8-m.main/nofp/libm.a
LOAD /Applications/MCUXpressoIDE_25.6.136/ide/plugins/com.nxp.mcuxpresso.tools.macosx_25.6.0.202501151204/tools/bin/../lib/gcc/arm-none-eabi/14.2.1/../../../../arm-none-eabi/lib/thumb/v8-m.main/nofp/libcr_newlib_semihost.a
LOAD /Applications/MCUXpressoIDE_25.6.136/ide/plugins/com.nxp.mcuxpresso.tools.macosx_25.6.0.202501151204/tools/bin/../lib/gcc/arm-none-eabi/14.2.1/thumb/v8-m.main/nofp/crti.o
LOAD /Applications/MCUXpressoIDE_25.6.136/ide/plugins/com.nxp.mcuxpresso.tools.macosx_25.6.0.202501151204/tools/bin/../lib/gcc/arm-none-eabi/14.2.1/thumb/v8-m.main/nofp/crtn.o
LOAD /Applications/MCUXpressoIDE_25.6.136/ide/plugins/com.nxp.mcuxpresso.tools.macosx_25.6.0.202501151204/tools/bin/../lib/gcc/arm-none-eabi/14.2.1/thumb/v8-m.main/nofp/crtbegin.o
LOAD /Applications/MCUXpressoIDE_25.6.136/ide/plugins/com.nxp.mcuxpresso.tools.macosx_25.6.0.202501151204/tools/bin/../lib/gcc/arm-none-eabi/14.2.1/thumb/v8-m.main/nofp/crtend.o
END GROUP
                0x00000000                        __base_PROGRAM_FLASH = 0x0
                0x00000000                        __base_Flash = 0x0
                0x00020000                        __top_PROGRAM_FLASH = 0x20000
                0x00020000                        __top_Flash = 0x20000
                0x20000000                        __base_SRAM = 0x20000000
                0x20000000                        __base_RAM = 0x20000000
                0x20006000                        __top_SRAM = 0x20006000
                0x20006000                        __top_RAM = 0x20006000
                0x04000000                        __base_SRAMX0 = 0x4000000
                0x04000000                        __base_RAM2 = 0x4000000
                0x04002000                        __top_SRAMX0 = 0x4002000
                0x04002000                        __top_RAM2 = 0x4002000
                0x04002000                        __base_SRAMX1 = 0x4002000
                0x04002000                        __base_RAM3 = 0x4002000
                0x04003000                        __top_SRAMX1 = 0x4003000
                0x04003000                        __top_RAM3 = 0x4003000

.text           0x00000000     0x9f38
 FILL mask 0xff
                0x00000000                        __vectors_start__ = ABSOLUTE (.)
 *(SORT_BY_ALIGNMENT(.isr_vector))
 .isr_vector    0x00000000      0x16c /Users/tedd/dev/mcuxpresso/__shasta/_r01lib_frdm_mcxa153/Debug/lib_r01lib_frdm_mcxa153.a(startup_mcxa153.o)
                0x00000000                __Vectors
                0x00000000                g_pfnVectors
                0x0000016c                        . = ALIGN (0x4)
                0x0000016c                        __section_table_start = .
                0x0000016c                        __data_section_table = .
                0x0000016c        0x4 LONG 0x9f40 LOADADDR (.data)
                0x00000170        0x4 LONG 0x20000000 ADDR (.data)
                0x00000174        0x4 LONG 0x1f4 SIZEOF (.data)
                0x00000178        0x4 LONG 0x9f40 LOADADDR (.data_RAM2)
                0x0000017c        0x4 LONG 0x4000000 ADDR (.data_RAM2)
                0x00000180        0x4 LONG 0x0 SIZEOF (.data_RAM2)
                0x00000184        0x4 LONG 0x9f40 LOADADDR (.data_RAM3)
                0x00000188        0x4 LONG 0x4002000 ADDR (.data_RAM3)
                0x0000018c        0x4 LONG 0x0 SIZEOF (.data_RAM3)
                0x00000190                        __data_section_table_end = .
                0x00000190                        __bss_section_table = .
                0x00000190        0x4 LONG 0x200001f4 ADDR (.bss)
                0x00000194        0x4 LONG 0x3fc SIZEOF (.bss)
                0x00000198        0x4 LONG 0x4000000 ADDR (.bss_RAM2)
                0x0000019c        0x4 LONG 0x0 SIZEOF (.bss_RAM2)
                0x000001a0        0x4 LONG 0x4002000 ADDR (.bss_RAM3)
                0x000001a4        0x4 LONG 0x0 SIZEOF (.bss_RAM3)
                0x000001a8                        __bss_section_table_end = .
                0x000001a8                        __section_table_end = .
 *(SORT_BY_ALIGNMENT(.after_vectors*))
 .after_vectors
                0x000001a8       0x2c /Users/tedd/dev/mcuxpresso/__shasta/_r01lib_frdm_mcxa153/Debug/lib_r01lib_frdm_mcxa153.a(startup_mcxa153.o)
                0x000001a8                NMI_Handler
                0x000001ac                HardFault_Handler
                0x000001b0                MemManage_Handler
                0x000001b4                BusFault_Handler
                0x000001b8                UsageFault_Handler
                0x000001bc                SecureFault_Handler
                0x000001c0                SVC_Handler
                0x000001c4                DebugMon_Handler
                0x000001c8                PendSV_Handler
                0x000001cc                SysTick_Handler
                0x000001d0                LPI2C0_DriverIRQHandler
                0x000001d0                FLEXPWM0_RELOAD_ERROR_DriverIRQHandler
                0x000001d0                QDC0_HOME_DriverIRQHandler
                0x000001d0                Reserved82_DriverIRQHandler
                0x000001d0                QDC0_WATCHDOG_DriverIRQHandler
                0x000001d0                ERM0_MULTI_BIT_DriverIRQHandler
                0x000001d0                Reserved36_DriverIRQHandler
                0x000001d0                CTIMER2_DriverIRQHandler
                0x000001d0                CMP1_DriverIRQHandler
                0x000001d0                IntDefaultHandler
                0x000001d0                USB0_DriverIRQHandler
                0x000001d0                QDC0_INDEX_DriverIRQHandler
                0x000001d0                Reserved41_DriverIRQHandler
                0x000001d0                FLEXPWM0_SUBMODULE2_DriverIRQHandler
                0x000001d0                LPUART2_DriverIRQHandler
                0x000001d0                WWDT0_DriverIRQHandler
                0x000001d0                Reserved84_DriverIRQHandler
                0x000001d0                FLEXPWM0_FAULT_DriverIRQHandler
                0x000001d0                GPIO0_DriverIRQHandler
                0x000001d0                Reserved38_DriverIRQHandler
                0x000001d0                FREQME0_DriverIRQHandler
                0x000001d0                Reserved22_DriverIRQHandler
                0x000001d0                Reserved53_DriverIRQHandler
                0x000001d0                Reserved35_DriverIRQHandler
                0x000001d0                CTIMER0_DriverIRQHandler
                0x000001d0                Reserved79_DriverIRQHandler
                0x000001d0                Reserved24_DriverIRQHandler
                0x000001d0                CTIMER1_DriverIRQHandler
                0x000001d0                QDC0_COMPARE_DriverIRQHandler
                0x000001d0                LPUART1_DriverIRQHandler
                0x000001d0                DMA_CH3_DriverIRQHandler
                0x000001d0                Reserved83_DriverIRQHandler
                0x000001d0                Reserved72_DriverIRQHandler
                0x000001d0                Reserved23_DriverIRQHandler
                0x000001d0                Reserved65_DriverIRQHandler
                0x000001d0                ERM0_SINGLE_BIT_DriverIRQHandler
                0x000001d0                DMA_CH2_DriverIRQHandler
                0x000001d0                Reserved51_DriverIRQHandler
                0x000001d0                Reserved25_DriverIRQHandler
                0x000001d0                FMU0_DriverIRQHandler
                0x000001d0                Reserved77_DriverIRQHandler
                0x000001d0                Reserved16_DriverIRQHandler
                0x000001d0                LPUART0_DriverIRQHandler
                0x000001d0                GPIO2_DriverIRQHandler
                0x000001d0                Reserved85_DriverIRQHandler
                0x000001d0                ADC0_DriverIRQHandler
                0x000001d0                CMP0_DriverIRQHandler
                0x000001d0                CDOG0_DriverIRQHandler
                0x000001d0                Reserved59_DriverIRQHandler
                0x000001d0                DMA_CH0_DriverIRQHandler
                0x000001d0                Reserved58_DriverIRQHandler
                0x000001d0                DMA_CH1_DriverIRQHandler
                0x000001d0                SPC0_DriverIRQHandler
                0x000001d0                Reserved43_DriverIRQHandler
                0x000001d0                Reserved46_DriverIRQHandler
                0x000001d0                Reserved37_DriverIRQHandler
                0x000001d0                Reserved86_DriverIRQHandler
                0x000001d0                GPIO1_DriverIRQHandler
                0x000001d0                FLEXPWM0_SUBMODULE0_DriverIRQHandler
                0x000001d0                Reserved50_DriverIRQHandler
                0x000001d0                OS_EVENT_DriverIRQHandler
                0x000001d0                SCG0_DriverIRQHandler
                0x000001d0                GLIKEY0_DriverIRQHandler
                0x000001d0                GPIO3_DriverIRQHandler
                0x000001d0                CMC_DriverIRQHandler
                0x000001d0                WUU0_DriverIRQHandler
                0x000001d0                Reserved33_DriverIRQHandler
                0x000001d0                I3C0_DriverIRQHandler
                0x000001d0                Reserved39_DriverIRQHandler
                0x000001d0                WAKETIMER0_DriverIRQHandler
                0x000001d0                MBC0_DriverIRQHandler
                0x000001d0                LPTMR0_DriverIRQHandler
                0x000001d0                FLEXPWM0_SUBMODULE1_DriverIRQHandler
 .after_vectors.init_data
                0x000001d4       0x1c /Users/tedd/dev/mcuxpresso/__shasta/_r01lib_frdm_mcxa153/Debug/lib_r01lib_frdm_mcxa153.a(startup_mcxa153.o)
                0x000001d4                data_init(unsigned int, unsigned int, unsigned int)
 .after_vectors.init_bss
                0x000001f0       0x14 /Users/tedd/dev/mcuxpresso/__shasta/_r01lib_frdm_mcxa153/Debug/lib_r01lib_frdm_mcxa153.a(startup_mcxa153.o)
                0x000001f0                bss_init(unsigned int, unsigned int)
 .after_vectors.reset
                0x00000204       0x70 /Users/tedd/dev/mcuxpresso/__shasta/_r01lib_frdm_mcxa153/Debug/lib_r01lib_frdm_mcxa153.a(startup_mcxa153.o)
                0x00000204                ResetISR
 *(SORT_BY_ALIGNMENT(.text*))
 *fill*         0x00000274        0x4 ff
 .text.startup.main
                0x00000278      0x37c ./source/main.o
                0x00000278                main
 *fill*         0x000005f4        0x4 ff
 .text._Z4waitd
                0x000005f8       0x30 /Users/tedd/dev/mcuxpresso/__shasta/_r01lib_frdm_mcxa153/Debug/lib_r01lib_frdm_mcxa153.a(mcu.o)
                0x000005f8                wait(double)
 .text._Z7wait_msj
                0x00000628       0x48 /Users/tedd/dev/mcuxpresso/__shasta/_r01lib_frdm_mcxa153/Debug/lib_r01lib_frdm_mcxa153.a(mcu.o)
                0x00000628                wait_ms(unsigned int)
 .text.LPSPI_MasterSetDelayTimes
                0x00000670      0x284 /Users/tedd/dev/mcuxpresso/__shasta/_r01lib_frdm_mcxa153/Debug/lib_r01lib_frdm_mcxa153.a(fsl_lpspi.o)
                0x00000670                LPSPI_MasterSetDelayTimes
 *fill*         0x000008f4        0x4 ff
 .text._strtod_l
                0x000008f8      0xba8 /Applications/MCUXpressoIDE_25.6.136/ide/plugins/com.nxp.mcuxpresso.tools.macosx_25.6.0.202501151204/tools/bin/../lib/gcc/arm-none-eabi/14.2.1/../../../../arm-none-eabi/lib/thumb/v8-m.main/nofp/libc_nano.a(libc_a-strtod.o)
                0x000008f8                _strtod_l
 .text._dtoa_r  0x000014a0      0xbc8 /Applications/MCUXpressoIDE_25.6.136/ide/plugins/com.nxp.mcuxpresso.tools.macosx_25.6.0.202501151204/tools/bin/../lib/gcc/arm-none-eabi/14.2.1/../../../../arm-none-eabi/lib/thumb/v8-m.main/nofp/libc_nano.a(libc_a-dtoa.o)
                0x000014a0                _dtoa_r
 .text.startup._GLOBAL__sub_I_spi
                0x00002068       0x4c ./source/main.o
 .text.Reserved16_IRQHandler
                0x000020b4        0x8 /Users/tedd/dev/mcuxpresso/__shasta/_r01lib_frdm_mcxa153/Debug/lib_r01lib_frdm_mcxa153.a(startup_mcxa153.o)
                0x000020b4                Reserved16_IRQHandler
 .text.CMC_IRQHandler
                0x000020bc        0x8 /Users/tedd/dev/mcuxpresso/__shasta/_r01lib_frdm_mcxa153/Debug/lib_r01lib_frdm_mcxa153.a(startup_mcxa153.o)
                0x000020bc                CMC_IRQHandler
 .text.DMA_CH0_IRQHandler
                0x000020c4        0x8 /Users/tedd/dev/mcuxpresso/__shasta/_r01lib_frdm_mcxa153/Debug/lib_r01lib_frdm_mcxa153.a(startup_mcxa153.o)
                0x000020c4                DMA_CH0_IRQHandler
 .text.DMA_CH1_IRQHandler
                0x000020cc        0x8 /Users/tedd/dev/mcuxpresso/__shasta/_r01lib_frdm_mcxa153/Debug/lib_r01lib_frdm_mcxa153.a(startup_mcxa153.o)
                0x000020cc                DMA_CH1_IRQHandler
 .text.DMA_CH2_IRQHandler
                0x000020d4        0x8 /Users/tedd/dev/mcuxpresso/__shasta/_r01lib_frdm_mcxa153/Debug/lib_r01lib_frdm_mcxa153.a(startup_mcxa153.o)
                0x000020d4                DMA_CH2_IRQHandler
 .text.DMA_CH3_IRQHandler
                0x000020dc        0x8 /Users/tedd/dev/mcuxpresso/__shasta/_r01lib_frdm_mcxa153/Debug/lib_r01lib_frdm_mcxa153.a(startup_mcxa153.o)
                0x000020dc                DMA_CH3_IRQHandler
 .text.Reserved22_IRQHandler
                0x000020e4        0x8 /Users/tedd/dev/mcuxpresso/__shasta/_r01lib_frdm_mcxa153/Debug/lib_r01lib_frdm_mcxa153.a(startup_mcxa153.o)
                0x000020e4                Reserved22_IRQHandler
 .text.Reserved23_IRQHandler
                0x000020ec        0x8 /Users/tedd/dev/mcuxpresso/__shasta/_r01lib_frdm_mcxa153/Debug/lib_r01lib_frdm_mcxa153.a(startup_mcxa153.o)
                0x000020ec                Reserved23_IRQHandler
 .text.Reserved24_IRQHandler
                0x000020f4        0x8 /Users/tedd/dev/mcuxpresso/__shasta/_r01lib_frdm_mcxa153/Debug/lib_r01lib_frdm_mcxa153.a(startup_mcxa153.o)
                0x000020f4                Reserved24_IRQHandler
 .text.Reserved25_IRQHandler
                0x000020fc        0x8 /Users/tedd/dev/mcuxpresso/__shasta/_r01lib_frdm_mcxa153/Debug/lib_r01lib_frdm_mcxa153.a(startup_mcxa153.o)
                0x000020fc                Reserved25_IRQHandler
 .text.ERM0_SINGLE_BIT_IRQHandler
                0x00002104        0x8 /Users/tedd/dev/mcuxpresso/__shasta/_r01lib_frdm_mcxa153/Debug/lib_r01lib_frdm_mcxa153.a(startup_mcxa153.o)
                0x00002104                ERM0_SINGLE_BIT_IRQHandler
 .text.ERM0_MULTI_BIT_IRQHandler
                0x0000210c        0x8 /Users/tedd/dev/mcuxpresso/__shasta/_r01lib_frdm_mcxa153/Debug/lib_r01lib_frdm_mcxa153.a(startup_mcxa153.o)
                0x0000210c                ERM0_MULTI_BIT_IRQHandler
 .text.FMU0_IRQHandler
                0x00002114        0x8 /Users/tedd/dev/mcuxpresso/__shasta/_r01lib_frdm_mcxa153/Debug/lib_r01lib_frdm_mcxa153.a(startup_mcxa153.o)
                0x00002114                FMU0_IRQHandler
 .text.GLIKEY0_IRQHandler
                0x0000211c        0x8 /Users/tedd/dev/mcuxpresso/__shasta/_r01lib_frdm_mcxa153/Debug/lib_r01lib_frdm_mcxa153.a(startup_mcxa153.o)
                0x0000211c                GLIKEY0_IRQHandler
 .text.MBC0_IRQHandler
                0x00002124        0x8 /Users/tedd/dev/mcuxpresso/__shasta/_r01lib_frdm_mcxa153/Debug/lib_r01lib_frdm_mcxa153.a(startup_mcxa153.o)
                0x00002124                MBC0_IRQHandler
 .text.SCG0_IRQHandler
                0x0000212c        0x8 /Users/tedd/dev/mcuxpresso/__shasta/_r01lib_frdm_mcxa153/Debug/lib_r01lib_frdm_mcxa153.a(startup_mcxa153.o)
                0x0000212c                SCG0_IRQHandler
 .text.SPC0_IRQHandler
                0x00002134        0x8 /Users/tedd/dev/mcuxpresso/__shasta/_r01lib_frdm_mcxa153/Debug/lib_r01lib_frdm_mcxa153.a(startup_mcxa153.o)
                0x00002134                SPC0_IRQHandler
 .text.Reserved33_IRQHandler
                0x0000213c        0x8 /Users/tedd/dev/mcuxpresso/__shasta/_r01lib_frdm_mcxa153/Debug/lib_r01lib_frdm_mcxa153.a(startup_mcxa153.o)
                0x0000213c                Reserved33_IRQHandler
 .text.WUU0_IRQHandler
                0x00002144        0x8 /Users/tedd/dev/mcuxpresso/__shasta/_r01lib_frdm_mcxa153/Debug/lib_r01lib_frdm_mcxa153.a(startup_mcxa153.o)
                0x00002144                WUU0_IRQHandler
 .text.Reserved35_IRQHandler
                0x0000214c        0x8 /Users/tedd/dev/mcuxpresso/__shasta/_r01lib_frdm_mcxa153/Debug/lib_r01lib_frdm_mcxa153.a(startup_mcxa153.o)
                0x0000214c                Reserved35_IRQHandler
 .text.Reserved36_IRQHandler
                0x00002154        0x8 /Users/tedd/dev/mcuxpresso/__shasta/_r01lib_frdm_mcxa153/Debug/lib_r01lib_frdm_mcxa153.a(startup_mcxa153.o)
                0x00002154                Reserved36_IRQHandler
 .text.Reserved37_IRQHandler
                0x0000215c        0x8 /Users/tedd/dev/mcuxpresso/__shasta/_r01lib_frdm_mcxa153/Debug/lib_r01lib_frdm_mcxa153.a(startup_mcxa153.o)
                0x0000215c                Reserved37_IRQHandler
 .text.Reserved38_IRQHandler
                0x00002164        0x8 /Users/tedd/dev/mcuxpresso/__shasta/_r01lib_frdm_mcxa153/Debug/lib_r01lib_frdm_mcxa153.a(startup_mcxa153.o)
                0x00002164                Reserved38_IRQHandler
 .text.Reserved39_IRQHandler
                0x0000216c        0x8 /Users/tedd/dev/mcuxpresso/__shasta/_r01lib_frdm_mcxa153/Debug/lib_r01lib_frdm_mcxa153.a(startup_mcxa153.o)
                0x0000216c                Reserved39_IRQHandler
 .text.I3C0_IRQHandler
                0x00002174        0x8 /Users/tedd/dev/mcuxpresso/__shasta/_r01lib_frdm_mcxa153/Debug/lib_r01lib_frdm_mcxa153.a(startup_mcxa153.o)
                0x00002174                I3C0_IRQHandler
 .text.Reserved41_IRQHandler
                0x0000217c        0x8 /Users/tedd/dev/mcuxpresso/__shasta/_r01lib_frdm_mcxa153/Debug/lib_r01lib_frdm_mcxa153.a(startup_mcxa153.o)
                0x0000217c                Reserved41_IRQHandler
 .text.LPI2C0_IRQHandler
                0x00002184        0x8 /Users/tedd/dev/mcuxpresso/__shasta/_r01lib_frdm_mcxa153/Debug/lib_r01lib_frdm_mcxa153.a(startup_mcxa153.o)
                0x00002184                LPI2C0_IRQHandler
 .text.Reserved43_IRQHandler
                0x0000218c        0x8 /Users/tedd/dev/mcuxpresso/__shasta/_r01lib_frdm_mcxa153/Debug/lib_r01lib_frdm_mcxa153.a(startup_mcxa153.o)
                0x0000218c                Reserved43_IRQHandler
 .text.LPSPI0_IRQHandler
                0x00002194        0x8 /Users/tedd/dev/mcuxpresso/__shasta/_r01lib_frdm_mcxa153/Debug/lib_r01lib_frdm_mcxa153.a(startup_mcxa153.o)
                0x00002194                LPSPI0_IRQHandler
 .text.LPSPI1_IRQHandler
                0x0000219c        0x8 /Users/tedd/dev/mcuxpresso/__shasta/_r01lib_frdm_mcxa153/Debug/lib_r01lib_frdm_mcxa153.a(startup_mcxa153.o)
                0x0000219c                LPSPI1_IRQHandler
 .text.Reserved46_IRQHandler
                0x000021a4        0x8 /Users/tedd/dev/mcuxpresso/__shasta/_r01lib_frdm_mcxa153/Debug/lib_r01lib_frdm_mcxa153.a(startup_mcxa153.o)
                0x000021a4                Reserved46_IRQHandler
 .text.LPUART0_IRQHandler
                0x000021ac        0x8 /Users/tedd/dev/mcuxpresso/__shasta/_r01lib_frdm_mcxa153/Debug/lib_r01lib_frdm_mcxa153.a(startup_mcxa153.o)
                0x000021ac                LPUART0_IRQHandler
 .text.LPUART1_IRQHandler
                0x000021b4        0x8 /Users/tedd/dev/mcuxpresso/__shasta/_r01lib_frdm_mcxa153/Debug/lib_r01lib_frdm_mcxa153.a(startup_mcxa153.o)
                0x000021b4                LPUART1_IRQHandler
 .text.LPUART2_IRQHandler
                0x000021bc        0x8 /Users/tedd/dev/mcuxpresso/__shasta/_r01lib_frdm_mcxa153/Debug/lib_r01lib_frdm_mcxa153.a(startup_mcxa153.o)
                0x000021bc                LPUART2_IRQHandler
 .text.Reserved50_IRQHandler
                0x000021c4        0x8 /Users/tedd/dev/mcuxpresso/__shasta/_r01lib_frdm_mcxa153/Debug/lib_r01lib_frdm_mcxa153.a(startup_mcxa153.o)
                0x000021c4                Reserved50_IRQHandler
 .text.Reserved51_IRQHandler
                0x000021cc        0x8 /Users/tedd/dev/mcuxpresso/__shasta/_r01lib_frdm_mcxa153/Debug/lib_r01lib_frdm_mcxa153.a(startup_mcxa153.o)
                0x000021cc                Reserved51_IRQHandler
 .text.USB0_IRQHandler
                0x000021d4        0x8 /Users/tedd/dev/mcuxpresso/__shasta/_r01lib_frdm_mcxa153/Debug/lib_r01lib_frdm_mcxa153.a(startup_mcxa153.o)
                0x000021d4                USB0_IRQHandler
 .text.Reserved53_IRQHandler
                0x000021dc        0x8 /Users/tedd/dev/mcuxpresso/__shasta/_r01lib_frdm_mcxa153/Debug/lib_r01lib_frdm_mcxa153.a(startup_mcxa153.o)
                0x000021dc                Reserved53_IRQHandler
 .text.CDOG0_IRQHandler
                0x000021e4        0x8 /Users/tedd/dev/mcuxpresso/__shasta/_r01lib_frdm_mcxa153/Debug/lib_r01lib_frdm_mcxa153.a(startup_mcxa153.o)
                0x000021e4                CDOG0_IRQHandler
 .text.CTIMER0_IRQHandler
                0x000021ec        0x8 /Users/tedd/dev/mcuxpresso/__shasta/_r01lib_frdm_mcxa153/Debug/lib_r01lib_frdm_mcxa153.a(startup_mcxa153.o)
                0x000021ec                CTIMER0_IRQHandler
 .text.CTIMER1_IRQHandler
                0x000021f4        0x8 /Users/tedd/dev/mcuxpresso/__shasta/_r01lib_frdm_mcxa153/Debug/lib_r01lib_frdm_mcxa153.a(startup_mcxa153.o)
                0x000021f4                CTIMER1_IRQHandler
 .text.CTIMER2_IRQHandler
                0x000021fc        0x8 /Users/tedd/dev/mcuxpresso/__shasta/_r01lib_frdm_mcxa153/Debug/lib_r01lib_frdm_mcxa153.a(startup_mcxa153.o)
                0x000021fc                CTIMER2_IRQHandler
 .text.Reserved58_IRQHandler
                0x00002204        0x8 /Users/tedd/dev/mcuxpresso/__shasta/_r01lib_frdm_mcxa153/Debug/lib_r01lib_frdm_mcxa153.a(startup_mcxa153.o)
                0x00002204                Reserved58_IRQHandler
 .text.Reserved59_IRQHandler
                0x0000220c        0x8 /Users/tedd/dev/mcuxpresso/__shasta/_r01lib_frdm_mcxa153/Debug/lib_r01lib_frdm_mcxa153.a(startup_mcxa153.o)
                0x0000220c                Reserved59_IRQHandler
 .text.FLEXPWM0_RELOAD_ERROR_IRQHandler
                0x00002214        0x8 /Users/tedd/dev/mcuxpresso/__shasta/_r01lib_frdm_mcxa153/Debug/lib_r01lib_frdm_mcxa153.a(startup_mcxa153.o)
                0x00002214                FLEXPWM0_RELOAD_ERROR_IRQHandler
 .text.FLEXPWM0_FAULT_IRQHandler
                0x0000221c        0x8 /Users/tedd/dev/mcuxpresso/__shasta/_r01lib_frdm_mcxa153/Debug/lib_r01lib_frdm_mcxa153.a(startup_mcxa153.o)
                0x0000221c                FLEXPWM0_FAULT_IRQHandler
 .text.FLEXPWM0_SUBMODULE0_IRQHandler
                0x00002224        0x8 /Users/tedd/dev/mcuxpresso/__shasta/_r01lib_frdm_mcxa153/Debug/lib_r01lib_frdm_mcxa153.a(startup_mcxa153.o)
                0x00002224                FLEXPWM0_SUBMODULE0_IRQHandler
 .text.FLEXPWM0_SUBMODULE1_IRQHandler
                0x0000222c        0x8 /Users/tedd/dev/mcuxpresso/__shasta/_r01lib_frdm_mcxa153/Debug/lib_r01lib_frdm_mcxa153.a(startup_mcxa153.o)
                0x0000222c                FLEXPWM0_SUBMODULE1_IRQHandler
 .text.FLEXPWM0_SUBMODULE2_IRQHandler
                0x00002234        0x8 /Users/tedd/dev/mcuxpresso/__shasta/_r01lib_frdm_mcxa153/Debug/lib_r01lib_frdm_mcxa153.a(startup_mcxa153.o)
                0x00002234                FLEXPWM0_SUBMODULE2_IRQHandler
 .text.Reserved65_IRQHandler
                0x0000223c        0x8 /Users/tedd/dev/mcuxpresso/__shasta/_r01lib_frdm_mcxa153/Debug/lib_r01lib_frdm_mcxa153.a(startup_mcxa153.o)
                0x0000223c                Reserved65_IRQHandler
 .text.QDC0_COMPARE_IRQHandler
                0x00002244        0x8 /Users/tedd/dev/mcuxpresso/__shasta/_r01lib_frdm_mcxa153/Debug/lib_r01lib_frdm_mcxa153.a(startup_mcxa153.o)
                0x00002244                QDC0_COMPARE_IRQHandler
 .text.QDC0_HOME_IRQHandler
                0x0000224c        0x8 /Users/tedd/dev/mcuxpresso/__shasta/_r01lib_frdm_mcxa153/Debug/lib_r01lib_frdm_mcxa153.a(startup_mcxa153.o)
                0x0000224c                QDC0_HOME_IRQHandler
 .text.QDC0_WATCHDOG_IRQHandler
                0x00002254        0x8 /Users/tedd/dev/mcuxpresso/__shasta/_r01lib_frdm_mcxa153/Debug/lib_r01lib_frdm_mcxa153.a(startup_mcxa153.o)
                0x00002254                QDC0_WATCHDOG_IRQHandler
 .text.QDC0_INDEX_IRQHandler
                0x0000225c        0x8 /Users/tedd/dev/mcuxpresso/__shasta/_r01lib_frdm_mcxa153/Debug/lib_r01lib_frdm_mcxa153.a(startup_mcxa153.o)
                0x0000225c                QDC0_INDEX_IRQHandler
 .text.FREQME0_IRQHandler
                0x00002264        0x8 /Users/tedd/dev/mcuxpresso/__shasta/_r01lib_frdm_mcxa153/Debug/lib_r01lib_frdm_mcxa153.a(startup_mcxa153.o)
                0x00002264                FREQME0_IRQHandler
 .text.LPTMR0_IRQHandler
                0x0000226c        0x8 /Users/tedd/dev/mcuxpresso/__shasta/_r01lib_frdm_mcxa153/Debug/lib_r01lib_frdm_mcxa153.a(startup_mcxa153.o)
                0x0000226c                LPTMR0_IRQHandler
 .text.Reserved72_IRQHandler
                0x00002274        0x8 /Users/tedd/dev/mcuxpresso/__shasta/_r01lib_frdm_mcxa153/Debug/lib_r01lib_frdm_mcxa153.a(startup_mcxa153.o)
                0x00002274                Reserved72_IRQHandler
 .text.OS_EVENT_IRQHandler
                0x0000227c        0x8 /Users/tedd/dev/mcuxpresso/__shasta/_r01lib_frdm_mcxa153/Debug/lib_r01lib_frdm_mcxa153.a(startup_mcxa153.o)
                0x0000227c                OS_EVENT_IRQHandler
 .text.WAKETIMER0_IRQHandler
                0x00002284        0x8 /Users/tedd/dev/mcuxpresso/__shasta/_r01lib_frdm_mcxa153/Debug/lib_r01lib_frdm_mcxa153.a(startup_mcxa153.o)
                0x00002284                WAKETIMER0_IRQHandler
 .text.UTICK0_IRQHandler
                0x0000228c        0x8 /Users/tedd/dev/mcuxpresso/__shasta/_r01lib_frdm_mcxa153/Debug/lib_r01lib_frdm_mcxa153.a(startup_mcxa153.o)
                0x0000228c                UTICK0_IRQHandler
 .text.WWDT0_IRQHandler
                0x00002294        0x8 /Users/tedd/dev/mcuxpresso/__shasta/_r01lib_frdm_mcxa153/Debug/lib_r01lib_frdm_mcxa153.a(startup_mcxa153.o)
                0x00002294                WWDT0_IRQHandler
 .text.Reserved77_IRQHandler
                0x0000229c        0x8 /Users/tedd/dev/mcuxpresso/__shasta/_r01lib_frdm_mcxa153/Debug/lib_r01lib_frdm_mcxa153.a(startup_mcxa153.o)
                0x0000229c                Reserved77_IRQHandler
 .text.ADC0_IRQHandler
                0x000022a4        0x8 /Users/tedd/dev/mcuxpresso/__shasta/_r01lib_frdm_mcxa153/Debug/lib_r01lib_frdm_mcxa153.a(startup_mcxa153.o)
                0x000022a4                ADC0_IRQHandler
 .text.Reserved79_IRQHandler
                0x000022ac        0x8 /Users/tedd/dev/mcuxpresso/__shasta/_r01lib_frdm_mcxa153/Debug/lib_r01lib_frdm_mcxa153.a(startup_mcxa153.o)
                0x000022ac                Reserved79_IRQHandler
 .text.CMP0_IRQHandler
                0x000022b4        0x8 /Users/tedd/dev/mcuxpresso/__shasta/_r01lib_frdm_mcxa153/Debug/lib_r01lib_frdm_mcxa153.a(startup_mcxa153.o)
                0x000022b4                CMP0_IRQHandler
 .text.CMP1_IRQHandler
                0x000022bc        0x8 /Users/tedd/dev/mcuxpresso/__shasta/_r01lib_frdm_mcxa153/Debug/lib_r01lib_frdm_mcxa153.a(startup_mcxa153.o)
                0x000022bc                CMP1_IRQHandler
 .text.Reserved82_IRQHandler
                0x000022c4        0x8 /Users/tedd/dev/mcuxpresso/__shasta/_r01lib_frdm_mcxa153/Debug/lib_r01lib_frdm_mcxa153.a(startup_mcxa153.o)
                0x000022c4                Reserved82_IRQHandler
 .text.Reserved83_IRQHandler
                0x000022cc        0x8 /Users/tedd/dev/mcuxpresso/__shasta/_r01lib_frdm_mcxa153/Debug/lib_r01lib_frdm_mcxa153.a(startup_mcxa153.o)
                0x000022cc                Reserved83_IRQHandler
 .text.Reserved84_IRQHandler
                0x000022d4        0x8 /Users/tedd/dev/mcuxpresso/__shasta/_r01lib_frdm_mcxa153/Debug/lib_r01lib_frdm_mcxa153.a(startup_mcxa153.o)
                0x000022d4                Reserved84_IRQHandler
 .text.Reserved85_IRQHandler
                0x000022dc        0x8 /Users/tedd/dev/mcuxpresso/__shasta/_r01lib_frdm_mcxa153/Debug/lib_r01lib_frdm_mcxa153.a(startup_mcxa153.o)
                0x000022dc                Reserved85_IRQHandler
 .text.Reserved86_IRQHandler
                0x000022e4        0x8 /Users/tedd/dev/mcuxpresso/__shasta/_r01lib_frdm_mcxa153/Debug/lib_r01lib_frdm_mcxa153.a(startup_mcxa153.o)
                0x000022e4                Reserved86_IRQHandler
 .text.irq_handler
                0x000022ec       0x48 /Users/tedd/dev/mcuxpresso/__shasta/_r01lib_frdm_mcxa153/Debug/lib_r01lib_frdm_mcxa153.a(InterruptIn.o)
                0x000022ec                irq_handler
 .text._ZN12DigitalInOutD2Ev
                0x00002334       0x14 /Users/tedd/dev/mcuxpresso/__shasta/_r01lib_frdm_mcxa153/Debug/lib_r01lib_frdm_mcxa153.a(io.o)
                0x00002334                DigitalInOut::~DigitalInOut()
                0x00002334                DigitalInOut::~DigitalInOut()
 .text._ZN12DigitalInOutD0Ev
                0x00002348       0x1c /Users/tedd/dev/mcuxpresso/__shasta/_r01lib_frdm_mcxa153/Debug/lib_r01lib_frdm_mcxa153.a(io.o)
                0x00002348                DigitalInOut::~DigitalInOut()
 .text._ZN12DigitalInOut7pin_muxEi
                0x00002364       0x18 /Users/tedd/dev/mcuxpresso/__shasta/_r01lib_frdm_mcxa153/Debug/lib_r01lib_frdm_mcxa153.a(io.o)
                0x00002364                DigitalInOut::pin_mux(int)
 .text._ZN12DigitalInOut4modeEi
                0x0000237c       0x50 /Users/tedd/dev/mcuxpresso/__shasta/_r01lib_frdm_mcxa153/Debug/lib_r01lib_frdm_mcxa153.a(io.o)
                0x0000237c                DigitalInOut::mode(int)
 .text._ZN12DigitalInOutC2Ehbbi
                0x000023cc       0xa0 /Users/tedd/dev/mcuxpresso/__shasta/_r01lib_frdm_mcxa153/Debug/lib_r01lib_frdm_mcxa153.a(io.o)
                0x000023cc                DigitalInOut::DigitalInOut(unsigned char, bool, bool, int)
                0x000023cc                DigitalInOut::DigitalInOut(unsigned char, bool, bool, int)
 .text._Z8init_mcuv
                0x0000246c       0xcc /Users/tedd/dev/mcuxpresso/__shasta/_r01lib_frdm_mcxa153/Debug/lib_r01lib_frdm_mcxa153.a(mcu.o)
                0x0000246c                init_mcu()
 .text.startup._Z9start_mcuv
                0x00002538       0x18 /Users/tedd/dev/mcuxpresso/__shasta/_r01lib_frdm_mcxa153/Debug/lib_r01lib_frdm_mcxa153.a(mcu.o)
                0x00002538                start_mcu()
 .text._ZN3ObjD2Ev
                0x00002550        0x4 /Users/tedd/dev/mcuxpresso/__shasta/_r01lib_frdm_mcxa153/Debug/lib_r01lib_frdm_mcxa153.a(obj.o)
                0x00002550                Obj::~Obj()
                0x00002550                Obj::~Obj()
 .text._ZN3ObjD0Ev
                0x00002554       0x10 /Users/tedd/dev/mcuxpresso/__shasta/_r01lib_frdm_mcxa153/Debug/lib_r01lib_frdm_mcxa153.a(obj.o)
                0x00002554                Obj::~Obj()
 .text._ZN3ObjC2Eb
                0x00002564       0x2c /Users/tedd/dev/mcuxpresso/__shasta/_r01lib_frdm_mcxa153/Debug/lib_r01lib_frdm_mcxa153.a(obj.o)
                0x00002564                Obj::Obj(bool)
                0x00002564                Obj::Obj(bool)
 .text._ZN3SPI9frequencyEm
                0x00002590       0x30 /Users/tedd/dev/mcuxpresso/__shasta/_r01lib_frdm_mcxa153/Debug/lib_r01lib_frdm_mcxa153.a(spi.o)
                0x00002590                SPI::frequency(unsigned long)
 .text._ZN3SPI4modeEh
                0x000025c0       0x28 /Users/tedd/dev/mcuxpresso/__shasta/_r01lib_frdm_mcxa153/Debug/lib_r01lib_frdm_mcxa153.a(spi.o)
                0x000025c0                SPI::mode(unsigned char)
 .text._ZN3SPID2Ev
                0x000025e8       0x1c /Users/tedd/dev/mcuxpresso/__shasta/_r01lib_frdm_mcxa153/Debug/lib_r01lib_frdm_mcxa153.a(spi.o)
                0x000025e8                SPI::~SPI()
                0x000025e8                SPI::~SPI()
 .text._ZN3SPI5writeEPhS0_i
                0x00002604       0x20 /Users/tedd/dev/mcuxpresso/__shasta/_r01lib_frdm_mcxa153/Debug/lib_r01lib_frdm_mcxa153.a(spi.o)
                0x00002604                SPI::write(unsigned char*, unsigned char*, int)
 .text._ZN3SPID0Ev
                0x00002624       0x24 /Users/tedd/dev/mcuxpresso/__shasta/_r01lib_frdm_mcxa153/Debug/lib_r01lib_frdm_mcxa153.a(spi.o)
                0x00002624                SPI::~SPI()
 .text._ZN3SPIC2Eiiii
                0x00002648      0x118 /Users/tedd/dev/mcuxpresso/__shasta/_r01lib_frdm_mcxa153/Debug/lib_r01lib_frdm_mcxa153.a(spi.o)
                0x00002648                SPI::SPI(int, int, int, int)
                0x00002648                SPI::SPI(int, int, int, int)
 .text._ZN11SPI_for_AFED2Ev
                0x00002760        0x4 /Users/tedd/dev/mcuxpresso/__shasta/_r01lib_frdm_mcxa153/Debug/lib_r01lib_frdm_mcxa153.a(SPI_for_AFE.o)
                0x00002760                SPI_for_AFE::~SPI_for_AFE()
                0x00002760                SPI_for_AFE::~SPI_for_AFE()
 .text._ZN11SPI_for_AFED0Ev
                0x00002764       0x10 /Users/tedd/dev/mcuxpresso/__shasta/_r01lib_frdm_mcxa153/Debug/lib_r01lib_frdm_mcxa153.a(SPI_for_AFE.o)
                0x00002764                SPI_for_AFE::~SPI_for_AFE()
 .text._ZN11SPI_for_AFEC2ER3SPIb
                0x00002774       0x14 /Users/tedd/dev/mcuxpresso/__shasta/_r01lib_frdm_mcxa153/Debug/lib_r01lib_frdm_mcxa153.a(SPI_for_AFE.o)
                0x00002774                SPI_for_AFE::SPI_for_AFE(SPI&, bool)
                0x00002774                SPI_for_AFE::SPI_for_AFE(SPI&, bool)
 .text._ZN11SPI_for_AFE9write_r16Et
                0x00002788       0x40 /Users/tedd/dev/mcuxpresso/__shasta/_r01lib_frdm_mcxa153/Debug/lib_r01lib_frdm_mcxa153.a(SPI_for_AFE.o)
                0x00002788                SPI_for_AFE::write_r16(unsigned short)
 .text._ZN11SPI_for_AFE9write_r16Ett
                0x000027c8       0x54 /Users/tedd/dev/mcuxpresso/__shasta/_r01lib_frdm_mcxa153/Debug/lib_r01lib_frdm_mcxa153.a(SPI_for_AFE.o)
                0x000027c8                SPI_for_AFE::write_r16(unsigned short, unsigned short)
 .text._ZN11SPI_for_AFE8read_r16Et
                0x0000281c       0x54 /Users/tedd/dev/mcuxpresso/__shasta/_r01lib_frdm_mcxa153/Debug/lib_r01lib_frdm_mcxa153.a(SPI_for_AFE.o)
                0x0000281c                SPI_for_AFE::read_r16(unsigned short)
 .text._ZN11SPI_for_AFE9write_r24Etm
                0x00002870       0x58 /Users/tedd/dev/mcuxpresso/__shasta/_r01lib_frdm_mcxa153/Debug/lib_r01lib_frdm_mcxa153.a(SPI_for_AFE.o)
                0x00002870                SPI_for_AFE::write_r24(unsigned short, unsigned long)
 .text._ZN11SPI_for_AFE8read_r24Et
                0x000028c8       0x60 /Users/tedd/dev/mcuxpresso/__shasta/_r01lib_frdm_mcxa153/Debug/lib_r01lib_frdm_mcxa153.a(SPI_for_AFE.o)
                0x000028c8                SPI_for_AFE::read_r24(unsigned short)
 .text.CLOCK_SetClockSelect
                0x00002928       0xa4 /Users/tedd/dev/mcuxpresso/__shasta/_r01lib_frdm_mcxa153/Debug/lib_r01lib_frdm_mcxa153.a(fsl_clock.o)
                0x00002928                CLOCK_SetClockSelect
 .text.CLOCK_SetClockDiv
                0x000029cc       0x88 /Users/tedd/dev/mcuxpresso/__shasta/_r01lib_frdm_mcxa153/Debug/lib_r01lib_frdm_mcxa153.a(fsl_clock.o)
                0x000029cc                CLOCK_SetClockDiv
 .text.CLOCK_SetupFROHFClocking
                0x00002a54       0xf4 /Users/tedd/dev/mcuxpresso/__shasta/_r01lib_frdm_mcxa153/Debug/lib_r01lib_frdm_mcxa153.a(fsl_clock.o)
                0x00002a54                CLOCK_SetupFROHFClocking
 .text.CLOCK_SetupFRO12MClocking
                0x00002b48       0x54 /Users/tedd/dev/mcuxpresso/__shasta/_r01lib_frdm_mcxa153/Debug/lib_r01lib_frdm_mcxa153.a(fsl_clock.o)
                0x00002b48                CLOCK_SetupFRO12MClocking
 .text.CLOCK_GetFro12MFreq
                0x00002b9c       0x28 /Users/tedd/dev/mcuxpresso/__shasta/_r01lib_frdm_mcxa153/Debug/lib_r01lib_frdm_mcxa153.a(fsl_clock.o)
 .text.CLOCK_GetClk1MFreq
                0x00002bc4       0x14 /Users/tedd/dev/mcuxpresso/__shasta/_r01lib_frdm_mcxa153/Debug/lib_r01lib_frdm_mcxa153.a(fsl_clock.o)
 .text.CLOCK_GetFroHfFreq
                0x00002bd8       0xc0 /Users/tedd/dev/mcuxpresso/__shasta/_r01lib_frdm_mcxa153/Debug/lib_r01lib_frdm_mcxa153.a(fsl_clock.o)
 .text.CLOCK_GetClk16KFreq
                0x00002c98       0x44 /Users/tedd/dev/mcuxpresso/__shasta/_r01lib_frdm_mcxa153/Debug/lib_r01lib_frdm_mcxa153.a(fsl_clock.o)
 .text.CLOCK_GetExtClkFreq
                0x00002cdc       0x2c /Users/tedd/dev/mcuxpresso/__shasta/_r01lib_frdm_mcxa153/Debug/lib_r01lib_frdm_mcxa153.a(fsl_clock.o)
 .text.CLOCK_GetMainClk
                0x00002d08       0x68 /Users/tedd/dev/mcuxpresso/__shasta/_r01lib_frdm_mcxa153/Debug/lib_r01lib_frdm_mcxa153.a(fsl_clock.o)
                0x00002d08                CLOCK_GetMainClk
 .text.CLOCK_GetCoreSysClkFreq
                0x00002d70       0x20 /Users/tedd/dev/mcuxpresso/__shasta/_r01lib_frdm_mcxa153/Debug/lib_r01lib_frdm_mcxa153.a(fsl_clock.o)
                0x00002d70                CLOCK_GetCoreSysClkFreq
 .text.CLOCK_GetLpspiClkFreq
                0x00002d90       0xbc /Users/tedd/dev/mcuxpresso/__shasta/_r01lib_frdm_mcxa153/Debug/lib_r01lib_frdm_mcxa153.a(fsl_clock.o)
                0x00002d90                CLOCK_GetLpspiClkFreq
 .text.MSDK_EnableCpuCycleCounter
                0x00002e4c       0x68 /Users/tedd/dev/mcuxpresso/__shasta/_r01lib_frdm_mcxa153/Debug/lib_r01lib_frdm_mcxa153.a(fsl_common_arm.o)
                0x00002e4c                MSDK_EnableCpuCycleCounter
 .text.MSDK_GetCpuCycleCount
                0x00002eb4       0x14 /Users/tedd/dev/mcuxpresso/__shasta/_r01lib_frdm_mcxa153/Debug/lib_r01lib_frdm_mcxa153.a(fsl_common_arm.o)
                0x00002eb4                MSDK_GetCpuCycleCount
 .text.SDK_DelayAtLeastUs
                0x00002ec8      0x104 /Users/tedd/dev/mcuxpresso/__shasta/_r01lib_frdm_mcxa153/Debug/lib_r01lib_frdm_mcxa153.a(fsl_common_arm.o)
                0x00002ec8                SDK_DelayAtLeastUs
 .text.GPIO_PinInit
                0x00002fcc       0x70 /Users/tedd/dev/mcuxpresso/__shasta/_r01lib_frdm_mcxa153/Debug/lib_r01lib_frdm_mcxa153.a(fsl_gpio.o)
                0x00002fcc                GPIO_PinInit
 .text.CLOCK_EnableClock
                0x0000303c       0x88 /Users/tedd/dev/mcuxpresso/__shasta/_r01lib_frdm_mcxa153/Debug/lib_r01lib_frdm_mcxa153.a(fsl_lpspi.o)
 .text.CLOCK_DisableClock
                0x000030c4       0x98 /Users/tedd/dev/mcuxpresso/__shasta/_r01lib_frdm_mcxa153/Debug/lib_r01lib_frdm_mcxa153.a(fsl_lpspi.o)
 .text.LPSPI_GetInstance
                0x0000315c       0x5c /Users/tedd/dev/mcuxpresso/__shasta/_r01lib_frdm_mcxa153/Debug/lib_r01lib_frdm_mcxa153.a(fsl_lpspi.o)
                0x0000315c                LPSPI_GetInstance
 .text.LPSPI_SetDummyData
                0x000031b8       0x2c /Users/tedd/dev/mcuxpresso/__shasta/_r01lib_frdm_mcxa153/Debug/lib_r01lib_frdm_mcxa153.a(fsl_lpspi.o)
                0x000031b8                LPSPI_SetDummyData
 .text.LPSPI_MasterInit
                0x000031e4      0x198 /Users/tedd/dev/mcuxpresso/__shasta/_r01lib_frdm_mcxa153/Debug/lib_r01lib_frdm_mcxa153.a(fsl_lpspi.o)
                0x000031e4                LPSPI_MasterInit
 .text.LPSPI_MasterGetDefaultConfig
                0x0000337c       0xb0 /Users/tedd/dev/mcuxpresso/__shasta/_r01lib_frdm_mcxa153/Debug/lib_r01lib_frdm_mcxa153.a(fsl_lpspi.o)
                0x0000337c                LPSPI_MasterGetDefaultConfig
 .text.LPSPI_Deinit
                0x0000342c       0x30 /Users/tedd/dev/mcuxpresso/__shasta/_r01lib_frdm_mcxa153/Debug/lib_r01lib_frdm_mcxa153.a(fsl_lpspi.o)
                0x0000342c                LPSPI_Deinit
 .text.LPSPI_MasterSetBaudRate
                0x0000345c      0x110 /Users/tedd/dev/mcuxpresso/__shasta/_r01lib_frdm_mcxa153/Debug/lib_r01lib_frdm_mcxa153.a(fsl_lpspi.o)
                0x0000345c                LPSPI_MasterSetBaudRate
 .text.LPSPI_MasterSetDelayScaler
                0x0000356c       0xc4 /Users/tedd/dev/mcuxpresso/__shasta/_r01lib_frdm_mcxa153/Debug/lib_r01lib_frdm_mcxa153.a(fsl_lpspi.o)
                0x0000356c                LPSPI_MasterSetDelayScaler
 .text.LPSPI_CheckTransferArgument
                0x00003630      0x100 /Users/tedd/dev/mcuxpresso/__shasta/_r01lib_frdm_mcxa153/Debug/lib_r01lib_frdm_mcxa153.a(fsl_lpspi.o)
                0x00003630                LPSPI_CheckTransferArgument
 .text.LPSPI_MasterTransferWriteAllTxData
                0x00003730      0x1fc /Users/tedd/dev/mcuxpresso/__shasta/_r01lib_frdm_mcxa153/Debug/lib_r01lib_frdm_mcxa153.a(fsl_lpspi.o)
 .text.LPSPI_MasterTransferBlocking
                0x0000392c      0x254 /Users/tedd/dev/mcuxpresso/__shasta/_r01lib_frdm_mcxa153/Debug/lib_r01lib_frdm_mcxa153.a(fsl_lpspi.o)
                0x0000392c                LPSPI_MasterTransferBlocking
 .text.LPSPI_CombineWriteData
                0x00003b80      0x1d4 /Users/tedd/dev/mcuxpresso/__shasta/_r01lib_frdm_mcxa153/Debug/lib_r01lib_frdm_mcxa153.a(fsl_lpspi.o)
 .text.LPSPI_SeparateReadData
                0x00003d54      0x1c8 /Users/tedd/dev/mcuxpresso/__shasta/_r01lib_frdm_mcxa153/Debug/lib_r01lib_frdm_mcxa153.a(fsl_lpspi.o)
 .text.LPSPI_CommonIRQHandler
                0x00003f1c       0x3c /Users/tedd/dev/mcuxpresso/__shasta/_r01lib_frdm_mcxa153/Debug/lib_r01lib_frdm_mcxa153.a(fsl_lpspi.o)
 .text.LPSPI0_DriverIRQHandler
                0x00003f58       0x40 /Users/tedd/dev/mcuxpresso/__shasta/_r01lib_frdm_mcxa153/Debug/lib_r01lib_frdm_mcxa153.a(fsl_lpspi.o)
                0x00003f58                LPSPI0_DriverIRQHandler
 .text.LPSPI1_DriverIRQHandler
                0x00003f98       0x40 /Users/tedd/dev/mcuxpresso/__shasta/_r01lib_frdm_mcxa153/Debug/lib_r01lib_frdm_mcxa153.a(fsl_lpspi.o)
                0x00003f98                LPSPI1_DriverIRQHandler
 .text.RESET_SetPeripheralReset
                0x00003fd8       0xc8 /Users/tedd/dev/mcuxpresso/__shasta/_r01lib_frdm_mcxa153/Debug/lib_r01lib_frdm_mcxa153.a(fsl_reset.o)
                0x00003fd8                RESET_SetPeripheralReset
 .text.RESET_ClearPeripheralReset
                0x000040a0       0xa8 /Users/tedd/dev/mcuxpresso/__shasta/_r01lib_frdm_mcxa153/Debug/lib_r01lib_frdm_mcxa153.a(fsl_reset.o)
                0x000040a0                RESET_ClearPeripheralReset
 .text.CLOCK_EnableClock
                0x00004148       0x88 /Users/tedd/dev/mcuxpresso/__shasta/_r01lib_frdm_mcxa153/Debug/lib_r01lib_frdm_mcxa153.a(fsl_utick.o)
 .text.UTICK_GetInstance
                0x000041d0       0x54 /Users/tedd/dev/mcuxpresso/__shasta/_r01lib_frdm_mcxa153/Debug/lib_r01lib_frdm_mcxa153.a(fsl_utick.o)
 .text.UTICK_Init
                0x00004224       0x3c /Users/tedd/dev/mcuxpresso/__shasta/_r01lib_frdm_mcxa153/Debug/lib_r01lib_frdm_mcxa153.a(fsl_utick.o)
                0x00004224                UTICK_Init
 .text.UTICK0_DriverIRQHandler
                0x00004260       0x24 /Users/tedd/dev/mcuxpresso/__shasta/_r01lib_frdm_mcxa153/Debug/lib_r01lib_frdm_mcxa153.a(fsl_utick.o)
                0x00004260                UTICK0_DriverIRQHandler
 .text.SystemInit
                0x00004284      0x10c /Users/tedd/dev/mcuxpresso/__shasta/_r01lib_frdm_mcxa153/Debug/lib_r01lib_frdm_mcxa153.a(system_MCXA153.o)
                0x00004284                SystemInit
 .text.BOARD_InitDebugConsole
                0x00004390       0x30 /Users/tedd/dev/mcuxpresso/__shasta/_r01lib_frdm_mcxa153/Debug/lib_r01lib_frdm_mcxa153.a(board.o)
                0x00004390                BOARD_InitDebugConsole
 .text.CLOCK_EnableClock
                0x000043c0       0x88 /Users/tedd/dev/mcuxpresso/__shasta/_r01lib_frdm_mcxa153/Debug/lib_r01lib_frdm_mcxa153.a(clock_config.o)
 .text.BOARD_BootClockFRO96M
                0x00004448      0x16c /Users/tedd/dev/mcuxpresso/__shasta/_r01lib_frdm_mcxa153/Debug/lib_r01lib_frdm_mcxa153.a(clock_config.o)
                0x00004448                BOARD_BootClockFRO96M
 .text.CLOCK_EnableClock
                0x000045b4       0x88 /Users/tedd/dev/mcuxpresso/__shasta/_r01lib_frdm_mcxa153/Debug/lib_r01lib_frdm_mcxa153.a(pin_mux.o)
 .text.PORT_SetPinConfig
                0x0000463c       0x48 /Users/tedd/dev/mcuxpresso/__shasta/_r01lib_frdm_mcxa153/Debug/lib_r01lib_frdm_mcxa153.a(pin_mux.o)
 .text.BOARD_InitPins
                0x00004684      0x4cc /Users/tedd/dev/mcuxpresso/__shasta/_r01lib_frdm_mcxa153/Debug/lib_r01lib_frdm_mcxa153.a(pin_mux.o)
                0x00004684                BOARD_InitPins
 .text.__assert_func
                0x00004b50       0x30 /Users/tedd/dev/mcuxpresso/__shasta/_r01lib_frdm_mcxa153/Debug/lib_r01lib_frdm_mcxa153.a(fsl_assert.o)
                0x00004b50                __assert_func
 .text.SPC_SetSRAMOperateVoltage
                0x00004b80       0x74 /Users/tedd/dev/mcuxpresso/__shasta/_r01lib_frdm_mcxa153/Debug/lib_r01lib_frdm_mcxa153.a(fsl_spc.o)
                0x00004b80                SPC_SetSRAMOperateVoltage
 .text.SPC_SetActiveModeCoreLDORegulatorConfig
                0x00004bf4       0xa4 /Users/tedd/dev/mcuxpresso/__shasta/_r01lib_frdm_mcxa153/Debug/lib_r01lib_frdm_mcxa153.a(fsl_spc.o)
                0x00004bf4                SPC_SetActiveModeCoreLDORegulatorConfig
 .text          0x00004c98      0x378 /Applications/MCUXpressoIDE_25.6.136/ide/plugins/com.nxp.mcuxpresso.tools.macosx_25.6.0.202501151204/tools/bin/../lib/gcc/arm-none-eabi/14.2.1/thumb/v8-m.main/nofp/libgcc.a(_arm_addsubdf3.o)
                0x00004c98                __aeabi_drsub
                0x00004ca0                __subdf3
                0x00004ca0                __aeabi_dsub
                0x00004ca4                __aeabi_dadd
                0x00004ca4                __adddf3
                0x00004f1c                __aeabi_ui2d
                0x00004f1c                __floatunsidf
                0x00004f3c                __floatsidf
                0x00004f3c                __aeabi_i2d
                0x00004f60                __extendsfdf2
                0x00004f60                __aeabi_f2d
                0x00004fa4                __aeabi_ul2d
                0x00004fa4                __floatundidf
                0x00004fb4                __aeabi_l2d
                0x00004fb4                __floatdidf
 .text          0x00005010       0x40 /Applications/MCUXpressoIDE_25.6.136/ide/plugins/com.nxp.mcuxpresso.tools.macosx_25.6.0.202501151204/tools/bin/../lib/gcc/arm-none-eabi/14.2.1/thumb/v8-m.main/nofp/libgcc.a(_arm_fixunsdfsi.o)
                0x00005010                __fixunsdfsi
                0x00005010                __aeabi_d2uiz
 .text          0x00005050       0x30 /Applications/MCUXpressoIDE_25.6.136/ide/plugins/com.nxp.mcuxpresso.tools.macosx_25.6.0.202501151204/tools/bin/../lib/gcc/arm-none-eabi/14.2.1/thumb/v8-m.main/nofp/libgcc.a(_aeabi_uldivmod.o)
                0x00005050                __aeabi_uldivmod
 .text.__udivmoddi4
                0x00005080      0x34c /Applications/MCUXpressoIDE_25.6.136/ide/plugins/com.nxp.mcuxpresso.tools.macosx_25.6.0.202501151204/tools/bin/../lib/gcc/arm-none-eabi/14.2.1/thumb/v8-m.main/nofp/libgcc.a(_udivmoddi4.o)
                0x00005080                __udivmoddi4
 .text          0x000053cc        0x4 /Applications/MCUXpressoIDE_25.6.136/ide/plugins/com.nxp.mcuxpresso.tools.macosx_25.6.0.202501151204/tools/bin/../lib/gcc/arm-none-eabi/14.2.1/thumb/v8-m.main/nofp/libgcc.a(_dvmd_tls.o)
                0x000053cc                __aeabi_ldiv0
                0x000053cc                __aeabi_idiv0
 .text._printf_float
                0x000053d0      0x458 /Applications/MCUXpressoIDE_25.6.136/ide/plugins/com.nxp.mcuxpresso.tools.macosx_25.6.0.202501151204/tools/bin/../lib/gcc/arm-none-eabi/14.2.1/../../../../arm-none-eabi/lib/thumb/v8-m.main/nofp/libc_nano.a(libc_a-nano-vfprintf_float.o)
                0x000053d0                _printf_float
 .text._printf_i
                0x00005828      0x240 /Applications/MCUXpressoIDE_25.6.136/ide/plugins/com.nxp.mcuxpresso.tools.macosx_25.6.0.202501151204/tools/bin/../lib/gcc/arm-none-eabi/14.2.1/../../../../arm-none-eabi/lib/thumb/v8-m.main/nofp/libc_nano.a(libc_a-nano-vfprintf_i.o)
                0x00005828                _printf_i
 .text._scanf_float
                0x00005a68      0x410 /Applications/MCUXpressoIDE_25.6.136/ide/plugins/com.nxp.mcuxpresso.tools.macosx_25.6.0.202501151204/tools/bin/../lib/gcc/arm-none-eabi/14.2.1/../../../../arm-none-eabi/lib/thumb/v8-m.main/nofp/libc_nano.a(libc_a-nano-vfscanf_float.o)
                0x00005a68                _scanf_float
 .text.sprintf  0x00005e78       0x44 /Applications/MCUXpressoIDE_25.6.136/ide/plugins/com.nxp.mcuxpresso.tools.macosx_25.6.0.202501151204/tools/bin/../lib/gcc/arm-none-eabi/14.2.1/../../../../arm-none-eabi/lib/thumb/v8-m.main/nofp/libc_nano.a(libc_a-sprintf.o)
                0x00005e78                sprintf
                0x00005e78                siprintf
 .text._strtod_r
                0x00005ebc        0xc /Applications/MCUXpressoIDE_25.6.136/ide/plugins/com.nxp.mcuxpresso.tools.macosx_25.6.0.202501151204/tools/bin/../lib/gcc/arm-none-eabi/14.2.1/../../../../arm-none-eabi/lib/thumb/v8-m.main/nofp/libc_nano.a(libc_a-strtod.o)
                0x00005ebc                _strtod_r
 .text._strtol_l.isra.0
                0x00005ec8       0xf4 /Applications/MCUXpressoIDE_25.6.136/ide/plugins/com.nxp.mcuxpresso.tools.macosx_25.6.0.202501151204/tools/bin/../lib/gcc/arm-none-eabi/14.2.1/../../../../arm-none-eabi/lib/thumb/v8-m.main/nofp/libc_nano.a(libc_a-strtol.o)
 .text.printf   0x00005fbc       0x24 /Applications/MCUXpressoIDE_25.6.136/ide/plugins/com.nxp.mcuxpresso.tools.macosx_25.6.0.202501151204/tools/bin/../lib/gcc/arm-none-eabi/14.2.1/../../../../arm-none-eabi/lib/thumb/v8-m.main/nofp/libc_nano.a(libc_a-printf.o)
                0x00005fbc                printf
                0x00005fbc                iprintf
 .text.__errno  0x00005fe0        0xc /Applications/MCUXpressoIDE_25.6.136/ide/plugins/com.nxp.mcuxpresso.tools.macosx_25.6.0.202501151204/tools/bin/../lib/gcc/arm-none-eabi/14.2.1/../../../../arm-none-eabi/lib/thumb/v8-m.main/nofp/libc_nano.a(libc_a-errno.o)
                0x00005fe0                __errno
 .text.__libc_init_array
                0x00005fec       0x48 /Applications/MCUXpressoIDE_25.6.136/ide/plugins/com.nxp.mcuxpresso.tools.macosx_25.6.0.202501151204/tools/bin/../lib/gcc/arm-none-eabi/14.2.1/../../../../arm-none-eabi/lib/thumb/v8-m.main/nofp/libc_nano.a(libc_a-init.o)
                0x00005fec                __libc_init_array
 .text._localeconv_r
                0x00006034        0x8 /Applications/MCUXpressoIDE_25.6.136/ide/plugins/com.nxp.mcuxpresso.tools.macosx_25.6.0.202501151204/tools/bin/../lib/gcc/arm-none-eabi/14.2.1/../../../../arm-none-eabi/lib/thumb/v8-m.main/nofp/libc_nano.a(libc_a-localeconv.o)
                0x00006034                _localeconv_r
 .text.nan      0x0000603c        0xc /Applications/MCUXpressoIDE_25.6.136/ide/plugins/com.nxp.mcuxpresso.tools.macosx_25.6.0.202501151204/tools/bin/../lib/gcc/arm-none-eabi/14.2.1/../../../../arm-none-eabi/lib/thumb/v8-m.main/nofp/libc_nano.a(libm_a-s_nan.o)
                0x0000603c                nan
 .text.nanf     0x00006048        0x8 /Applications/MCUXpressoIDE_25.6.136/ide/plugins/com.nxp.mcuxpresso.tools.macosx_25.6.0.202501151204/tools/bin/../lib/gcc/arm-none-eabi/14.2.1/../../../../arm-none-eabi/lib/thumb/v8-m.main/nofp/libc_nano.a(libm_a-sf_nan.o)
                0x00006048                nanf
 .text.__gethex
                0x00006050      0x41c /Applications/MCUXpressoIDE_25.6.136/ide/plugins/com.nxp.mcuxpresso.tools.macosx_25.6.0.202501151204/tools/bin/../lib/gcc/arm-none-eabi/14.2.1/../../../../arm-none-eabi/lib/thumb/v8-m.main/nofp/libc_nano.a(libc_a-gdtoa-gethex.o)
                0x00006050                __gethex
 .text._svfprintf_r
                0x0000646c      0x1f8 /Applications/MCUXpressoIDE_25.6.136/ide/plugins/com.nxp.mcuxpresso.tools.macosx_25.6.0.202501151204/tools/bin/../lib/gcc/arm-none-eabi/14.2.1/../../../../arm-none-eabi/lib/thumb/v8-m.main/nofp/libc_nano.a(libc_a-nano-svfprintf.o)
                0x0000646c                _svfprintf_r
                0x0000646c                _svfiprintf_r
 .text._vfprintf_r
                0x00006664      0x230 /Applications/MCUXpressoIDE_25.6.136/ide/plugins/com.nxp.mcuxpresso.tools.macosx_25.6.0.202501151204/tools/bin/../lib/gcc/arm-none-eabi/14.2.1/../../../../arm-none-eabi/lib/thumb/v8-m.main/nofp/libc_nano.a(libc_a-nano-vfprintf.o)
                0x00006664                _vfiprintf_r
                0x00006664                _vfprintf_r
 .text.malloc   0x00006894       0x10 /Applications/MCUXpressoIDE_25.6.136/ide/plugins/com.nxp.mcuxpresso.tools.macosx_25.6.0.202501151204/tools/bin/../lib/gcc/arm-none-eabi/14.2.1/../../../../arm-none-eabi/lib/thumb/v8-m.main/nofp/libc_nano.a(libc_a-malloc.o)
                0x00006894                malloc
 .text.free     0x000068a4       0x10 /Applications/MCUXpressoIDE_25.6.136/ide/plugins/com.nxp.mcuxpresso.tools.macosx_25.6.0.202501151204/tools/bin/../lib/gcc/arm-none-eabi/14.2.1/../../../../arm-none-eabi/lib/thumb/v8-m.main/nofp/libc_nano.a(libc_a-malloc.o)
                0x000068a4                free
 .text.sbrk_aligned
                0x000068b4       0x44 /Applications/MCUXpressoIDE_25.6.136/ide/plugins/com.nxp.mcuxpresso.tools.macosx_25.6.0.202501151204/tools/bin/../lib/gcc/arm-none-eabi/14.2.1/../../../../arm-none-eabi/lib/thumb/v8-m.main/nofp/libc_nano.a(libc_a-mallocr.o)
 .text._malloc_r
                0x000068f8      0x100 /Applications/MCUXpressoIDE_25.6.136/ide/plugins/com.nxp.mcuxpresso.tools.macosx_25.6.0.202501151204/tools/bin/../lib/gcc/arm-none-eabi/14.2.1/../../../../arm-none-eabi/lib/thumb/v8-m.main/nofp/libc_nano.a(libc_a-mallocr.o)
                0x000068f8                _malloc_r
 .text.__malloc_lock
                0x000069f8        0xc /Applications/MCUXpressoIDE_25.6.136/ide/plugins/com.nxp.mcuxpresso.tools.macosx_25.6.0.202501151204/tools/bin/../lib/gcc/arm-none-eabi/14.2.1/../../../../arm-none-eabi/lib/thumb/v8-m.main/nofp/libc_nano.a(libc_a-mlock.o)
                0x000069f8                __malloc_lock
 .text.__malloc_unlock
                0x00006a04        0xc /Applications/MCUXpressoIDE_25.6.136/ide/plugins/com.nxp.mcuxpresso.tools.macosx_25.6.0.202501151204/tools/bin/../lib/gcc/arm-none-eabi/14.2.1/../../../../arm-none-eabi/lib/thumb/v8-m.main/nofp/libc_nano.a(libc_a-mlock.o)
                0x00006a04                __malloc_unlock
 .text._Balloc  0x00006a10       0x7c /Applications/MCUXpressoIDE_25.6.136/ide/plugins/com.nxp.mcuxpresso.tools.macosx_25.6.0.202501151204/tools/bin/../lib/gcc/arm-none-eabi/14.2.1/../../../../arm-none-eabi/lib/thumb/v8-m.main/nofp/libc_nano.a(libc_a-mprec.o)
                0x00006a10                _Balloc
 .text._Bfree   0x00006a8c       0x44 /Applications/MCUXpressoIDE_25.6.136/ide/plugins/com.nxp.mcuxpresso.tools.macosx_25.6.0.202501151204/tools/bin/../lib/gcc/arm-none-eabi/14.2.1/../../../../arm-none-eabi/lib/thumb/v8-m.main/nofp/libc_nano.a(libc_a-mprec.o)
                0x00006a8c                _Bfree
 .text.__multadd
                0x00006ad0       0x90 /Applications/MCUXpressoIDE_25.6.136/ide/plugins/com.nxp.mcuxpresso.tools.macosx_25.6.0.202501151204/tools/bin/../lib/gcc/arm-none-eabi/14.2.1/../../../../arm-none-eabi/lib/thumb/v8-m.main/nofp/libc_nano.a(libc_a-mprec.o)
                0x00006ad0                __multadd
 .text.__s2b    0x00006b60       0x94 /Applications/MCUXpressoIDE_25.6.136/ide/plugins/com.nxp.mcuxpresso.tools.macosx_25.6.0.202501151204/tools/bin/../lib/gcc/arm-none-eabi/14.2.1/../../../../arm-none-eabi/lib/thumb/v8-m.main/nofp/libc_nano.a(libc_a-mprec.o)
                0x00006b60                __s2b
 .text.__i2b    0x00006bf4       0x2c /Applications/MCUXpressoIDE_25.6.136/ide/plugins/com.nxp.mcuxpresso.tools.macosx_25.6.0.202501151204/tools/bin/../lib/gcc/arm-none-eabi/14.2.1/../../../../arm-none-eabi/lib/thumb/v8-m.main/nofp/libc_nano.a(libc_a-mprec.o)
                0x00006bf4                __i2b
 .text.__multiply
                0x00006c20      0x154 /Applications/MCUXpressoIDE_25.6.136/ide/plugins/com.nxp.mcuxpresso.tools.macosx_25.6.0.202501151204/tools/bin/../lib/gcc/arm-none-eabi/14.2.1/../../../../arm-none-eabi/lib/thumb/v8-m.main/nofp/libc_nano.a(libc_a-mprec.o)
                0x00006c20                __multiply
 .text.__pow5mult
                0x00006d74       0xb8 /Applications/MCUXpressoIDE_25.6.136/ide/plugins/com.nxp.mcuxpresso.tools.macosx_25.6.0.202501151204/tools/bin/../lib/gcc/arm-none-eabi/14.2.1/../../../../arm-none-eabi/lib/thumb/v8-m.main/nofp/libc_nano.a(libc_a-mprec.o)
                0x00006d74                __pow5mult
 .text.__lshift
                0x00006e2c       0xd8 /Applications/MCUXpressoIDE_25.6.136/ide/plugins/com.nxp.mcuxpresso.tools.macosx_25.6.0.202501151204/tools/bin/../lib/gcc/arm-none-eabi/14.2.1/../../../../arm-none-eabi/lib/thumb/v8-m.main/nofp/libc_nano.a(libc_a-mprec.o)
                0x00006e2c                __lshift
 .text.__mdiff  0x00006f04      0x138 /Applications/MCUXpressoIDE_25.6.136/ide/plugins/com.nxp.mcuxpresso.tools.macosx_25.6.0.202501151204/tools/bin/../lib/gcc/arm-none-eabi/14.2.1/../../../../arm-none-eabi/lib/thumb/v8-m.main/nofp/libc_nano.a(libc_a-mprec.o)
                0x00006f04                __mdiff
 .text.__ulp    0x0000703c       0x40 /Applications/MCUXpressoIDE_25.6.136/ide/plugins/com.nxp.mcuxpresso.tools.macosx_25.6.0.202501151204/tools/bin/../lib/gcc/arm-none-eabi/14.2.1/../../../../arm-none-eabi/lib/thumb/v8-m.main/nofp/libc_nano.a(libc_a-mprec.o)
                0x0000703c                __ulp
 .text.__b2d    0x0000707c       0x94 /Applications/MCUXpressoIDE_25.6.136/ide/plugins/com.nxp.mcuxpresso.tools.macosx_25.6.0.202501151204/tools/bin/../lib/gcc/arm-none-eabi/14.2.1/../../../../arm-none-eabi/lib/thumb/v8-m.main/nofp/libc_nano.a(libc_a-mprec.o)
                0x0000707c                __b2d
 .text.__d2b    0x00007110       0xb0 /Applications/MCUXpressoIDE_25.6.136/ide/plugins/com.nxp.mcuxpresso.tools.macosx_25.6.0.202501151204/tools/bin/../lib/gcc/arm-none-eabi/14.2.1/../../../../arm-none-eabi/lib/thumb/v8-m.main/nofp/libc_nano.a(libc_a-mprec.o)
                0x00007110                __d2b
 .text.std      0x000071c0       0x6c /Applications/MCUXpressoIDE_25.6.136/ide/plugins/com.nxp.mcuxpresso.tools.macosx_25.6.0.202501151204/tools/bin/../lib/gcc/arm-none-eabi/14.2.1/../../../../arm-none-eabi/lib/thumb/v8-m.main/nofp/libc_nano.a(libc_a-findfp.o)
 .text.stdio_exit_handler
                0x0000722c       0x18 /Applications/MCUXpressoIDE_25.6.136/ide/plugins/com.nxp.mcuxpresso.tools.macosx_25.6.0.202501151204/tools/bin/../lib/gcc/arm-none-eabi/14.2.1/../../../../arm-none-eabi/lib/thumb/v8-m.main/nofp/libc_nano.a(libc_a-findfp.o)
 .text.cleanup_stdio
                0x00007244       0x40 /Applications/MCUXpressoIDE_25.6.136/ide/plugins/com.nxp.mcuxpresso.tools.macosx_25.6.0.202501151204/tools/bin/../lib/gcc/arm-none-eabi/14.2.1/../../../../arm-none-eabi/lib/thumb/v8-m.main/nofp/libc_nano.a(libc_a-findfp.o)
 .text.global_stdio_init.part.0
                0x00007284       0x40 /Applications/MCUXpressoIDE_25.6.136/ide/plugins/com.nxp.mcuxpresso.tools.macosx_25.6.0.202501151204/tools/bin/../lib/gcc/arm-none-eabi/14.2.1/../../../../arm-none-eabi/lib/thumb/v8-m.main/nofp/libc_nano.a(libc_a-findfp.o)
 .text.__sfp_lock_acquire
                0x000072c4        0xc /Applications/MCUXpressoIDE_25.6.136/ide/plugins/com.nxp.mcuxpresso.tools.macosx_25.6.0.202501151204/tools/bin/../lib/gcc/arm-none-eabi/14.2.1/../../../../arm-none-eabi/lib/thumb/v8-m.main/nofp/libc_nano.a(libc_a-findfp.o)
                0x000072c4                __sfp_lock_acquire
 .text.__sfp_lock_release
                0x000072d0        0xc /Applications/MCUXpressoIDE_25.6.136/ide/plugins/com.nxp.mcuxpresso.tools.macosx_25.6.0.202501151204/tools/bin/../lib/gcc/arm-none-eabi/14.2.1/../../../../arm-none-eabi/lib/thumb/v8-m.main/nofp/libc_nano.a(libc_a-findfp.o)
                0x000072d0                __sfp_lock_release
 .text.__sinit  0x000072dc       0x30 /Applications/MCUXpressoIDE_25.6.136/ide/plugins/com.nxp.mcuxpresso.tools.macosx_25.6.0.202501151204/tools/bin/../lib/gcc/arm-none-eabi/14.2.1/../../../../arm-none-eabi/lib/thumb/v8-m.main/nofp/libc_nano.a(libc_a-findfp.o)
                0x000072dc                __sinit
 .text.__swsetup_r
                0x0000730c       0xa8 /Applications/MCUXpressoIDE_25.6.136/ide/plugins/com.nxp.mcuxpresso.tools.macosx_25.6.0.202501151204/tools/bin/../lib/gcc/arm-none-eabi/14.2.1/../../../../arm-none-eabi/lib/thumb/v8-m.main/nofp/libc_nano.a(libc_a-wsetup.o)
                0x0000730c                __swsetup_r
 .text._isatty_r
                0x000073b4       0x20 /Applications/MCUXpressoIDE_25.6.136/ide/plugins/com.nxp.mcuxpresso.tools.macosx_25.6.0.202501151204/tools/bin/../lib/gcc/arm-none-eabi/14.2.1/../../../../arm-none-eabi/lib/thumb/v8-m.main/nofp/libc_nano.a(libc_a-isattyr.o)
                0x000073b4                _isatty_r
 .text._sbrk_r  0x000073d4       0x20 /Applications/MCUXpressoIDE_25.6.136/ide/plugins/com.nxp.mcuxpresso.tools.macosx_25.6.0.202501151204/tools/bin/../lib/gcc/arm-none-eabi/14.2.1/../../../../arm-none-eabi/lib/thumb/v8-m.main/nofp/libc_nano.a(libc_a-sbrkr.o)
                0x000073d4                _sbrk_r
 .text._fstat_r
                0x000073f4       0x24 /Applications/MCUXpressoIDE_25.6.136/ide/plugins/com.nxp.mcuxpresso.tools.macosx_25.6.0.202501151204/tools/bin/../lib/gcc/arm-none-eabi/14.2.1/../../../../arm-none-eabi/lib/thumb/v8-m.main/nofp/libc_nano.a(libc_a-fstatr.o)
                0x000073f4                _fstat_r
 .text.__cxa_atexit
                0x00007418       0x1c /Applications/MCUXpressoIDE_25.6.136/ide/plugins/com.nxp.mcuxpresso.tools.macosx_25.6.0.202501151204/tools/bin/../lib/gcc/arm-none-eabi/14.2.1/../../../../arm-none-eabi/lib/thumb/v8-m.main/nofp/libc_nano.a(libc_a-cxa_atexit.o)
                0x00007418                __cxa_atexit
 .text._free_r  0x00007434       0x94 /Applications/MCUXpressoIDE_25.6.136/ide/plugins/com.nxp.mcuxpresso.tools.macosx_25.6.0.202501151204/tools/bin/../lib/gcc/arm-none-eabi/14.2.1/../../../../arm-none-eabi/lib/thumb/v8-m.main/nofp/libc_nano.a(libc_a-freer.o)
                0x00007434                _free_r
 .text.__sflush_r
                0x000074c8       0xf8 /Applications/MCUXpressoIDE_25.6.136/ide/plugins/com.nxp.mcuxpresso.tools.macosx_25.6.0.202501151204/tools/bin/../lib/gcc/arm-none-eabi/14.2.1/../../../../arm-none-eabi/lib/thumb/v8-m.main/nofp/libc_nano.a(libc_a-fflush.o)
                0x000074c8                __sflush_r
 .text._lseek_r
                0x000075c0       0x24 /Applications/MCUXpressoIDE_25.6.136/ide/plugins/com.nxp.mcuxpresso.tools.macosx_25.6.0.202501151204/tools/bin/../lib/gcc/arm-none-eabi/14.2.1/../../../../arm-none-eabi/lib/thumb/v8-m.main/nofp/libc_nano.a(libc_a-lseekr.o)
                0x000075c0                _lseek_r
 .text._read_r  0x000075e4       0x24 /Applications/MCUXpressoIDE_25.6.136/ide/plugins/com.nxp.mcuxpresso.tools.macosx_25.6.0.202501151204/tools/bin/../lib/gcc/arm-none-eabi/14.2.1/../../../../arm-none-eabi/lib/thumb/v8-m.main/nofp/libc_nano.a(libc_a-readr.o)
                0x000075e4                _read_r
 .text._write_r
                0x00007608       0x24 /Applications/MCUXpressoIDE_25.6.136/ide/plugins/com.nxp.mcuxpresso.tools.macosx_25.6.0.202501151204/tools/bin/../lib/gcc/arm-none-eabi/14.2.1/../../../../arm-none-eabi/lib/thumb/v8-m.main/nofp/libc_nano.a(libc_a-writer.o)
                0x00007608                _write_r
 .text._close_r
                0x0000762c       0x20 /Applications/MCUXpressoIDE_25.6.136/ide/plugins/com.nxp.mcuxpresso.tools.macosx_25.6.0.202501151204/tools/bin/../lib/gcc/arm-none-eabi/14.2.1/../../../../arm-none-eabi/lib/thumb/v8-m.main/nofp/libc_nano.a(libc_a-closer.o)
                0x0000762c                _close_r
 .text._sbrk    0x0000764c       0x3c /Applications/MCUXpressoIDE_25.6.136/ide/plugins/com.nxp.mcuxpresso.tools.macosx_25.6.0.202501151204/tools/bin/../lib/gcc/arm-none-eabi/14.2.1/../../../../arm-none-eabi/lib/thumb/v8-m.main/nofp/libcr_newlib_semihost.a(_cr_sbrk.o)
                0x0000764c                _sbrk
 .text.initialise_monitor_handles.part.0
                0x00007688       0xa4 /Applications/MCUXpressoIDE_25.6.136/ide/plugins/com.nxp.mcuxpresso.tools.macosx_25.6.0.202501151204/tools/bin/../lib/gcc/arm-none-eabi/14.2.1/../../../../arm-none-eabi/lib/thumb/v8-m.main/nofp/libcr_newlib_semihost.a(syscalls.o)
 .text.findslot
                0x0000772c       0x30 /Applications/MCUXpressoIDE_25.6.136/ide/plugins/com.nxp.mcuxpresso.tools.macosx_25.6.0.202501151204/tools/bin/../lib/gcc/arm-none-eabi/14.2.1/../../../../arm-none-eabi/lib/thumb/v8-m.main/nofp/libcr_newlib_semihost.a(syscalls.o)
 .text._close   0x0000775c       0x4c /Applications/MCUXpressoIDE_25.6.136/ide/plugins/com.nxp.mcuxpresso.tools.macosx_25.6.0.202501151204/tools/bin/../lib/gcc/arm-none-eabi/14.2.1/../../../../arm-none-eabi/lib/thumb/v8-m.main/nofp/libcr_newlib_semihost.a(syscalls.o)
                0x0000775c                _close
 .text.__check_heap_overflow
                0x000077a8       0x18 /Applications/MCUXpressoIDE_25.6.136/ide/plugins/com.nxp.mcuxpresso.tools.macosx_25.6.0.202501151204/tools/bin/../lib/gcc/arm-none-eabi/14.2.1/../../../../arm-none-eabi/lib/thumb/v8-m.main/nofp/libcr_newlib_semihost.a(_cr_check_heap.o)
                0x000077a8                __check_heap_overflow
 .text.register_tm_clones
                0x000077c0       0x28 /Applications/MCUXpressoIDE_25.6.136/ide/plugins/com.nxp.mcuxpresso.tools.macosx_25.6.0.202501151204/tools/bin/../lib/gcc/arm-none-eabi/14.2.1/thumb/v8-m.main/nofp/crtbegin.o
 .text.frame_dummy
                0x000077e8       0x24 /Applications/MCUXpressoIDE_25.6.136/ide/plugins/com.nxp.mcuxpresso.tools.macosx_25.6.0.202501151204/tools/bin/../lib/gcc/arm-none-eabi/14.2.1/thumb/v8-m.main/nofp/crtbegin.o
 .text          0x0000780c      0x424 /Applications/MCUXpressoIDE_25.6.136/ide/plugins/com.nxp.mcuxpresso.tools.macosx_25.6.0.202501151204/tools/bin/../lib/gcc/arm-none-eabi/14.2.1/thumb/v8-m.main/nofp/libgcc.a(_arm_muldivdf3.o)
                0x0000780c                __aeabi_dmul
                0x0000780c                __muldf3
                0x00007a60                __aeabi_ddiv
                0x00007a60                __divdf3
 .text          0x00007c30      0x110 /Applications/MCUXpressoIDE_25.6.136/ide/plugins/com.nxp.mcuxpresso.tools.macosx_25.6.0.202501151204/tools/bin/../lib/gcc/arm-none-eabi/14.2.1/thumb/v8-m.main/nofp/libgcc.a(_arm_cmpdf2.o)
                0x00007c30                __gedf2
                0x00007c30                __gtdf2
                0x00007c38                __ledf2
                0x00007c38                __ltdf2
                0x00007c40                __cmpdf2
                0x00007c40                __eqdf2
                0x00007c40                __nedf2
                0x00007cbc                __aeabi_cdrcmple
                0x00007ccc                __aeabi_cdcmple
                0x00007ccc                __aeabi_cdcmpeq
                0x00007cdc                __aeabi_dcmpeq
                0x00007cf0                __aeabi_dcmplt
                0x00007d04                __aeabi_dcmple
                0x00007d18                __aeabi_dcmpge
                0x00007d2c                __aeabi_dcmpgt
 .text          0x00007d40       0x2c /Applications/MCUXpressoIDE_25.6.136/ide/plugins/com.nxp.mcuxpresso.tools.macosx_25.6.0.202501151204/tools/bin/../lib/gcc/arm-none-eabi/14.2.1/thumb/v8-m.main/nofp/libgcc.a(_arm_unorddf2.o)
                0x00007d40                __aeabi_dcmpun
                0x00007d40                __unorddf2
 .text          0x00007d6c       0x50 /Applications/MCUXpressoIDE_25.6.136/ide/plugins/com.nxp.mcuxpresso.tools.macosx_25.6.0.202501151204/tools/bin/../lib/gcc/arm-none-eabi/14.2.1/thumb/v8-m.main/nofp/libgcc.a(_arm_fixdfsi.o)
                0x00007d6c                __fixdfsi
                0x00007d6c                __aeabi_d2iz
 .text          0x00007dbc       0xa0 /Applications/MCUXpressoIDE_25.6.136/ide/plugins/com.nxp.mcuxpresso.tools.macosx_25.6.0.202501151204/tools/bin/../lib/gcc/arm-none-eabi/14.2.1/thumb/v8-m.main/nofp/libgcc.a(_arm_truncdfsf2.o)
                0x00007dbc                __aeabi_d2f
                0x00007dbc                __truncdfsf2
 .text.__fixdfdi
                0x00007e5c       0x30 /Applications/MCUXpressoIDE_25.6.136/ide/plugins/com.nxp.mcuxpresso.tools.macosx_25.6.0.202501151204/tools/bin/../lib/gcc/arm-none-eabi/14.2.1/thumb/v8-m.main/nofp/libgcc.a(_fixdfdi.o)
                0x00007e5c                __aeabi_d2lz
                0x00007e5c                __fixdfdi
 .text.__fixunsdfdi
                0x00007e8c       0x3c /Applications/MCUXpressoIDE_25.6.136/ide/plugins/com.nxp.mcuxpresso.tools.macosx_25.6.0.202501151204/tools/bin/../lib/gcc/arm-none-eabi/14.2.1/thumb/v8-m.main/nofp/libgcc.a(_fixunsdfdi.o)
                0x00007e8c                __aeabi_d2ulz
                0x00007e8c                __fixunsdfdi
 .text.GPIO0_IRQHandler
                0x00007ec8        0xe ./_r01lib_irq/irq.o
                0x00007ec8                GPIO0_IRQHandler
 .text.GPIO1_IRQHandler
                0x00007ed6        0xe ./_r01lib_irq/irq.o
                0x00007ed6                GPIO1_IRQHandler
 .text.GPIO2_IRQHandler
                0x00007ee4        0xe ./_r01lib_irq/irq.o
                0x00007ee4                GPIO2_IRQHandler
 .text.GPIO3_IRQHandler
                0x00007ef2        0xe ./_r01lib_irq/irq.o
                0x00007ef2                GPIO3_IRQHandler
 .text.CLOCK_IsDivHalt
                0x00007f00       0x22 /Users/tedd/dev/mcuxpresso/__shasta/_r01lib_frdm_mcxa153/Debug/lib_r01lib_frdm_mcxa153.a(fsl_clock.o)
 .text.CLOCK_AttachClk
                0x00007f22       0x30 /Users/tedd/dev/mcuxpresso/__shasta/_r01lib_frdm_mcxa153/Debug/lib_r01lib_frdm_mcxa153.a(fsl_clock.o)
                0x00007f22                CLOCK_AttachClk
 .text.GPIO_PinWrite
                0x00007f52       0x34 /Users/tedd/dev/mcuxpresso/__shasta/_r01lib_frdm_mcxa153/Debug/lib_r01lib_frdm_mcxa153.a(fsl_gpio.o)
 .text.GPIO_GpioGetInterruptFlags
                0x00007f86       0x18 /Users/tedd/dev/mcuxpresso/__shasta/_r01lib_frdm_mcxa153/Debug/lib_r01lib_frdm_mcxa153.a(fsl_gpio.o)
                0x00007f86                GPIO_GpioGetInterruptFlags
 .text.GPIO_GpioClearInterruptFlags
                0x00007f9e       0x1c /Users/tedd/dev/mcuxpresso/__shasta/_r01lib_frdm_mcxa153/Debug/lib_r01lib_frdm_mcxa153.a(fsl_gpio.o)
                0x00007f9e                GPIO_GpioClearInterruptFlags
 .text.RESET_ReleasePeripheralReset
                0x00007fba       0x1a /Users/tedd/dev/mcuxpresso/__shasta/_r01lib_frdm_mcxa153/Debug/lib_r01lib_frdm_mcxa153.a(fsl_lpspi.o)
 .text.LPSPI_Enable
                0x00007fd4       0x36 /Users/tedd/dev/mcuxpresso/__shasta/_r01lib_frdm_mcxa153/Debug/lib_r01lib_frdm_mcxa153.a(fsl_lpspi.o)
 .text.LPSPI_GetStatusFlags
                0x0000800a       0x16 /Users/tedd/dev/mcuxpresso/__shasta/_r01lib_frdm_mcxa153/Debug/lib_r01lib_frdm_mcxa153.a(fsl_lpspi.o)
 .text.LPSPI_GetRxFifoSize
                0x00008020       0x22 /Users/tedd/dev/mcuxpresso/__shasta/_r01lib_frdm_mcxa153/Debug/lib_r01lib_frdm_mcxa153.a(fsl_lpspi.o)
 .text.LPSPI_GetTxFifoCount
                0x00008042       0x1a /Users/tedd/dev/mcuxpresso/__shasta/_r01lib_frdm_mcxa153/Debug/lib_r01lib_frdm_mcxa153.a(fsl_lpspi.o)
 .text.LPSPI_GetRxFifoCount
                0x0000805c       0x1c /Users/tedd/dev/mcuxpresso/__shasta/_r01lib_frdm_mcxa153/Debug/lib_r01lib_frdm_mcxa153.a(fsl_lpspi.o)
 .text.LPSPI_ClearStatusFlags
                0x00008078       0x1a /Users/tedd/dev/mcuxpresso/__shasta/_r01lib_frdm_mcxa153/Debug/lib_r01lib_frdm_mcxa153.a(fsl_lpspi.o)
 .text.LPSPI_SetMasterSlaveMode
                0x00008092       0x2a /Users/tedd/dev/mcuxpresso/__shasta/_r01lib_frdm_mcxa153/Debug/lib_r01lib_frdm_mcxa153.a(fsl_lpspi.o)
 .text.LPSPI_IsMaster
                0x000080bc       0x24 /Users/tedd/dev/mcuxpresso/__shasta/_r01lib_frdm_mcxa153/Debug/lib_r01lib_frdm_mcxa153.a(fsl_lpspi.o)
 .text.LPSPI_FlushFifo
                0x000080e0       0x2e /Users/tedd/dev/mcuxpresso/__shasta/_r01lib_frdm_mcxa153/Debug/lib_r01lib_frdm_mcxa153.a(fsl_lpspi.o)
 .text.LPSPI_SetFifoWatermarks
                0x0000810e       0x2a /Users/tedd/dev/mcuxpresso/__shasta/_r01lib_frdm_mcxa153/Debug/lib_r01lib_frdm_mcxa153.a(fsl_lpspi.o)
 .text.LPSPI_WriteData
                0x00008138       0x1a /Users/tedd/dev/mcuxpresso/__shasta/_r01lib_frdm_mcxa153/Debug/lib_r01lib_frdm_mcxa153.a(fsl_lpspi.o)
 .text.LPSPI_ReadData
                0x00008152       0x16 /Users/tedd/dev/mcuxpresso/__shasta/_r01lib_frdm_mcxa153/Debug/lib_r01lib_frdm_mcxa153.a(fsl_lpspi.o)
 .text.LPSPI_Reset
                0x00008168       0x30 /Users/tedd/dev/mcuxpresso/__shasta/_r01lib_frdm_mcxa153/Debug/lib_r01lib_frdm_mcxa153.a(fsl_lpspi.o)
                0x00008168                LPSPI_Reset
 .text.LPSPI_SetOnePcsPolarity
                0x00008198       0x42 /Users/tedd/dev/mcuxpresso/__shasta/_r01lib_frdm_mcxa153/Debug/lib_r01lib_frdm_mcxa153.a(fsl_lpspi.o)
 .text.LPSPI_MasterTransferClearTCR
                0x000081da       0x36 /Users/tedd/dev/mcuxpresso/__shasta/_r01lib_frdm_mcxa153/Debug/lib_r01lib_frdm_mcxa153.a(fsl_lpspi.o)
 .text.LPSPI_MasterTransferReadDataInFifo
                0x00008210       0x88 /Users/tedd/dev/mcuxpresso/__shasta/_r01lib_frdm_mcxa153/Debug/lib_r01lib_frdm_mcxa153.a(fsl_lpspi.o)
 .text.LPSPI_MasterTransferReadDataInFifoNoBuf
                0x00008298       0x26 /Users/tedd/dev/mcuxpresso/__shasta/_r01lib_frdm_mcxa153/Debug/lib_r01lib_frdm_mcxa153.a(fsl_lpspi.o)
 .text.LPSPI_WaitTxFifoEmpty
                0x000082be       0x22 /Users/tedd/dev/mcuxpresso/__shasta/_r01lib_frdm_mcxa153/Debug/lib_r01lib_frdm_mcxa153.a(fsl_lpspi.o)
                0x000082be                LPSPI_WaitTxFifoEmpty
 .text.RESET_PeripheralReset
                0x000082e0       0x22 /Users/tedd/dev/mcuxpresso/__shasta/_r01lib_frdm_mcxa153/Debug/lib_r01lib_frdm_mcxa153.a(fsl_reset.o)
                0x000082e0                RESET_PeripheralReset
 .text.UTICK_ClearStatusFlags
                0x00008302       0x18 /Users/tedd/dev/mcuxpresso/__shasta/_r01lib_frdm_mcxa153/Debug/lib_r01lib_frdm_mcxa153.a(fsl_utick.o)
                0x00008302                UTICK_ClearStatusFlags
 .text.UTICK_HandleIRQ
                0x0000831a       0x22 /Users/tedd/dev/mcuxpresso/__shasta/_r01lib_frdm_mcxa153/Debug/lib_r01lib_frdm_mcxa153.a(fsl_utick.o)
                0x0000831a                UTICK_HandleIRQ
 .text.SystemInitHook
                0x0000833c        0xc /Users/tedd/dev/mcuxpresso/__shasta/_r01lib_frdm_mcxa153/Debug/lib_r01lib_frdm_mcxa153.a(system_MCXA153.o)
                0x0000833c                SystemInitHook
 .text.DbgConsole_Init
                0x00008348       0x1e /Users/tedd/dev/mcuxpresso/__shasta/_r01lib_frdm_mcxa153/Debug/lib_r01lib_frdm_mcxa153.a(board.o)
 .text.RESET_ReleasePeripheralReset
                0x00008366       0x1a /Users/tedd/dev/mcuxpresso/__shasta/_r01lib_frdm_mcxa153/Debug/lib_r01lib_frdm_mcxa153.a(clock_config.o)
 .text.BOARD_InitBootClocks
                0x00008380        0xc /Users/tedd/dev/mcuxpresso/__shasta/_r01lib_frdm_mcxa153/Debug/lib_r01lib_frdm_mcxa153.a(clock_config.o)
                0x00008380                BOARD_InitBootClocks
 .text.RESET_ReleasePeripheralReset
                0x0000838c       0x1a /Users/tedd/dev/mcuxpresso/__shasta/_r01lib_frdm_mcxa153/Debug/lib_r01lib_frdm_mcxa153.a(pin_mux.o)
 .text.PORT_SetPinMux
                0x000083a6       0x3c /Users/tedd/dev/mcuxpresso/__shasta/_r01lib_frdm_mcxa153/Debug/lib_r01lib_frdm_mcxa153.a(pin_mux.o)
 .text.fsl_assert_hook
                0x000083e2       0x18 /Users/tedd/dev/mcuxpresso/__shasta/_r01lib_frdm_mcxa153/Debug/lib_r01lib_frdm_mcxa153.a(fsl_assert.o)
                0x000083e2                fsl_assert_hook
 .text.SPC_GetActiveModeBandgapMode
                0x000083fa       0x20 /Users/tedd/dev/mcuxpresso/__shasta/_r01lib_frdm_mcxa153/Debug/lib_r01lib_frdm_mcxa153.a(fsl_spc.o)
 .text.SPC_GetActiveModeVoltageDetectStatus
                0x0000841a       0x20 /Users/tedd/dev/mcuxpresso/__shasta/_r01lib_frdm_mcxa153/Debug/lib_r01lib_frdm_mcxa153.a(fsl_spc.o)
 .text.SPC_GetActiveModeCoreLDOVDDVoltageLevel
                0x0000843a       0x20 /Users/tedd/dev/mcuxpresso/__shasta/_r01lib_frdm_mcxa153/Debug/lib_r01lib_frdm_mcxa153.a(fsl_spc.o)
 .text.SPC_GetActiveModeCoreLDODriveStrength
                0x0000845a       0x20 /Users/tedd/dev/mcuxpresso/__shasta/_r01lib_frdm_mcxa153/Debug/lib_r01lib_frdm_mcxa153.a(fsl_spc.o)
 .text.SPC_SetActiveModeCoreLDORegulatorVoltageLevel
                0x0000847a       0x60 /Users/tedd/dev/mcuxpresso/__shasta/_r01lib_frdm_mcxa153/Debug/lib_r01lib_frdm_mcxa153.a(fsl_spc.o)
                0x0000847a                SPC_SetActiveModeCoreLDORegulatorVoltageLevel
 .text.SPC_SetActiveModeCoreLDORegulatorDriveStrength
                0x000084da       0x5e /Users/tedd/dev/mcuxpresso/__shasta/_r01lib_frdm_mcxa153/Debug/lib_r01lib_frdm_mcxa153.a(fsl_spc.o)
                0x000084da                SPC_SetActiveModeCoreLDORegulatorDriveStrength
 .text.__cvt    0x00008538       0xca /Applications/MCUXpressoIDE_25.6.136/ide/plugins/com.nxp.mcuxpresso.tools.macosx_25.6.0.202501151204/tools/bin/../lib/gcc/arm-none-eabi/14.2.1/../../../../arm-none-eabi/lib/thumb/v8-m.main/nofp/libc_nano.a(libc_a-nano-vfprintf_float.o)
                0x00008538                __cvt
 .text.__exponent
                0x00008602       0x72 /Applications/MCUXpressoIDE_25.6.136/ide/plugins/com.nxp.mcuxpresso.tools.macosx_25.6.0.202501151204/tools/bin/../lib/gcc/arm-none-eabi/14.2.1/../../../../arm-none-eabi/lib/thumb/v8-m.main/nofp/libc_nano.a(libc_a-nano-vfprintf_float.o)
                0x00008602                __exponent
 .text._printf_common
                0x00008674       0xe4 /Applications/MCUXpressoIDE_25.6.136/ide/plugins/com.nxp.mcuxpresso.tools.macosx_25.6.0.202501151204/tools/bin/../lib/gcc/arm-none-eabi/14.2.1/../../../../arm-none-eabi/lib/thumb/v8-m.main/nofp/libc_nano.a(libc_a-nano-vfprintf_i.o)
                0x00008674                _printf_common
 .text.sulp     0x00008758       0x42 /Applications/MCUXpressoIDE_25.6.136/ide/plugins/com.nxp.mcuxpresso.tools.macosx_25.6.0.202501151204/tools/bin/../lib/gcc/arm-none-eabi/14.2.1/../../../../arm-none-eabi/lib/thumb/v8-m.main/nofp/libc_nano.a(libc_a-strtod.o)
 .text._strtol_r
                0x0000879a        0x4 /Applications/MCUXpressoIDE_25.6.136/ide/plugins/com.nxp.mcuxpresso.tools.macosx_25.6.0.202501151204/tools/bin/../lib/gcc/arm-none-eabi/14.2.1/../../../../arm-none-eabi/lib/thumb/v8-m.main/nofp/libc_nano.a(libc_a-strtol.o)
                0x0000879a                _strtol_r
 .text.memset   0x0000879e       0x10 /Applications/MCUXpressoIDE_25.6.136/ide/plugins/com.nxp.mcuxpresso.tools.macosx_25.6.0.202501151204/tools/bin/../lib/gcc/arm-none-eabi/14.2.1/../../../../arm-none-eabi/lib/thumb/v8-m.main/nofp/libc_nano.a(libc_a-memset.o)
                0x0000879e                memset
 .text.strncmp  0x000087ae       0x24 /Applications/MCUXpressoIDE_25.6.136/ide/plugins/com.nxp.mcuxpresso.tools.macosx_25.6.0.202501151204/tools/bin/../lib/gcc/arm-none-eabi/14.2.1/../../../../arm-none-eabi/lib/thumb/v8-m.main/nofp/libc_nano.a(libc_a-strncmp.o)
                0x000087ae                strncmp
 .text.__aeabi_atexit
                0x000087d2        0xa /Applications/MCUXpressoIDE_25.6.136/ide/plugins/com.nxp.mcuxpresso.tools.macosx_25.6.0.202501151204/tools/bin/../lib/gcc/arm-none-eabi/14.2.1/../../../../arm-none-eabi/lib/thumb/v8-m.main/nofp/libc_nano.a(libc_a-aeabi_atexit.o)
                0x000087d2                __aeabi_atexit
 .text.memchr   0x000087dc       0x1c /Applications/MCUXpressoIDE_25.6.136/ide/plugins/com.nxp.mcuxpresso.tools.macosx_25.6.0.202501151204/tools/bin/../lib/gcc/arm-none-eabi/14.2.1/../../../../arm-none-eabi/lib/thumb/v8-m.main/nofp/libc_nano.a(libc_a-memchr-stub.o)
                0x000087dc                memchr
 .text.memcpy   0x000087f8       0x1a /Applications/MCUXpressoIDE_25.6.136/ide/plugins/com.nxp.mcuxpresso.tools.macosx_25.6.0.202501151204/tools/bin/../lib/gcc/arm-none-eabi/14.2.1/../../../../arm-none-eabi/lib/thumb/v8-m.main/nofp/libc_nano.a(libc_a-memcpy-stub.o)
                0x000087f8                memcpy
 .text          0x00008812       0x10 /Applications/MCUXpressoIDE_25.6.136/ide/plugins/com.nxp.mcuxpresso.tools.macosx_25.6.0.202501151204/tools/bin/../lib/gcc/arm-none-eabi/14.2.1/../../../../arm-none-eabi/lib/thumb/v8-m.main/nofp/libc_nano.a(libc_a-strlen.o)
                0x00008812                strlen
 .text.quorem   0x00008822      0x11a /Applications/MCUXpressoIDE_25.6.136/ide/plugins/com.nxp.mcuxpresso.tools.macosx_25.6.0.202501151204/tools/bin/../lib/gcc/arm-none-eabi/14.2.1/../../../../arm-none-eabi/lib/thumb/v8-m.main/nofp/libc_nano.a(libc_a-dtoa.o)
 .text.rshift   0x0000893c       0xa2 /Applications/MCUXpressoIDE_25.6.136/ide/plugins/com.nxp.mcuxpresso.tools.macosx_25.6.0.202501151204/tools/bin/../lib/gcc/arm-none-eabi/14.2.1/../../../../arm-none-eabi/lib/thumb/v8-m.main/nofp/libc_nano.a(libc_a-gdtoa-gethex.o)
 .text.__hexdig_fun
                0x000089de       0x2a /Applications/MCUXpressoIDE_25.6.136/ide/plugins/com.nxp.mcuxpresso.tools.macosx_25.6.0.202501151204/tools/bin/../lib/gcc/arm-none-eabi/14.2.1/../../../../arm-none-eabi/lib/thumb/v8-m.main/nofp/libc_nano.a(libc_a-gdtoa-gethex.o)
                0x000089de                __hexdig_fun
 .text.L_shift  0x00008a08       0x24 /Applications/MCUXpressoIDE_25.6.136/ide/plugins/com.nxp.mcuxpresso.tools.macosx_25.6.0.202501151204/tools/bin/../lib/gcc/arm-none-eabi/14.2.1/../../../../arm-none-eabi/lib/thumb/v8-m.main/nofp/libc_nano.a(libc_a-gdtoa-hexnan.o)
 .text.__match  0x00008a2c       0x28 /Applications/MCUXpressoIDE_25.6.136/ide/plugins/com.nxp.mcuxpresso.tools.macosx_25.6.0.202501151204/tools/bin/../lib/gcc/arm-none-eabi/14.2.1/../../../../arm-none-eabi/lib/thumb/v8-m.main/nofp/libc_nano.a(libc_a-gdtoa-hexnan.o)
                0x00008a2c                __match
 .text.__hexnan
                0x00008a54      0x13a /Applications/MCUXpressoIDE_25.6.136/ide/plugins/com.nxp.mcuxpresso.tools.macosx_25.6.0.202501151204/tools/bin/../lib/gcc/arm-none-eabi/14.2.1/../../../../arm-none-eabi/lib/thumb/v8-m.main/nofp/libc_nano.a(libc_a-gdtoa-hexnan.o)
                0x00008a54                __hexnan
 .text.__ssputs_r
                0x00008b8e       0xc0 /Applications/MCUXpressoIDE_25.6.136/ide/plugins/com.nxp.mcuxpresso.tools.macosx_25.6.0.202501151204/tools/bin/../lib/gcc/arm-none-eabi/14.2.1/../../../../arm-none-eabi/lib/thumb/v8-m.main/nofp/libc_nano.a(libc_a-nano-svfprintf.o)
                0x00008b8e                __ssputs_r
 .text.__sfputc_r
                0x00008c4e       0x2a /Applications/MCUXpressoIDE_25.6.136/ide/plugins/com.nxp.mcuxpresso.tools.macosx_25.6.0.202501151204/tools/bin/../lib/gcc/arm-none-eabi/14.2.1/../../../../arm-none-eabi/lib/thumb/v8-m.main/nofp/libc_nano.a(libc_a-nano-vfprintf.o)
 .text.__sfputs_r
                0x00008c78       0x24 /Applications/MCUXpressoIDE_25.6.136/ide/plugins/com.nxp.mcuxpresso.tools.macosx_25.6.0.202501151204/tools/bin/../lib/gcc/arm-none-eabi/14.2.1/../../../../arm-none-eabi/lib/thumb/v8-m.main/nofp/libc_nano.a(libc_a-nano-vfprintf.o)
                0x00008c78                __sfputs_r
 .text.__ascii_mbtowc
                0x00008c9c       0x24 /Applications/MCUXpressoIDE_25.6.136/ide/plugins/com.nxp.mcuxpresso.tools.macosx_25.6.0.202501151204/tools/bin/../lib/gcc/arm-none-eabi/14.2.1/../../../../arm-none-eabi/lib/thumb/v8-m.main/nofp/libc_nano.a(libc_a-mbtowc_r.o)
                0x00008c9c                __ascii_mbtowc
 .text.__hi0bits
                0x00008cc0       0x3e /Applications/MCUXpressoIDE_25.6.136/ide/plugins/com.nxp.mcuxpresso.tools.macosx_25.6.0.202501151204/tools/bin/../lib/gcc/arm-none-eabi/14.2.1/../../../../arm-none-eabi/lib/thumb/v8-m.main/nofp/libc_nano.a(libc_a-mprec.o)
                0x00008cc0                __hi0bits
 .text.__lo0bits
                0x00008cfe       0x5a /Applications/MCUXpressoIDE_25.6.136/ide/plugins/com.nxp.mcuxpresso.tools.macosx_25.6.0.202501151204/tools/bin/../lib/gcc/arm-none-eabi/14.2.1/../../../../arm-none-eabi/lib/thumb/v8-m.main/nofp/libc_nano.a(libc_a-mprec.o)
                0x00008cfe                __lo0bits
 .text.__mcmp   0x00008d58       0x36 /Applications/MCUXpressoIDE_25.6.136/ide/plugins/com.nxp.mcuxpresso.tools.macosx_25.6.0.202501151204/tools/bin/../lib/gcc/arm-none-eabi/14.2.1/../../../../arm-none-eabi/lib/thumb/v8-m.main/nofp/libc_nano.a(libc_a-mprec.o)
                0x00008d58                __mcmp
 .text.__ratio  0x00008d8e       0x60 /Applications/MCUXpressoIDE_25.6.136/ide/plugins/com.nxp.mcuxpresso.tools.macosx_25.6.0.202501151204/tools/bin/../lib/gcc/arm-none-eabi/14.2.1/../../../../arm-none-eabi/lib/thumb/v8-m.main/nofp/libc_nano.a(libc_a-mprec.o)
                0x00008d8e                __ratio
 .text.__copybits
                0x00008dee       0x46 /Applications/MCUXpressoIDE_25.6.136/ide/plugins/com.nxp.mcuxpresso.tools.macosx_25.6.0.202501151204/tools/bin/../lib/gcc/arm-none-eabi/14.2.1/../../../../arm-none-eabi/lib/thumb/v8-m.main/nofp/libc_nano.a(libc_a-mprec.o)
                0x00008dee                __copybits
 .text.__any_on
                0x00008e34       0x42 /Applications/MCUXpressoIDE_25.6.136/ide/plugins/com.nxp.mcuxpresso.tools.macosx_25.6.0.202501151204/tools/bin/../lib/gcc/arm-none-eabi/14.2.1/../../../../arm-none-eabi/lib/thumb/v8-m.main/nofp/libc_nano.a(libc_a-mprec.o)
                0x00008e34                __any_on
 .text._realloc_r
                0x00008e76       0x5c /Applications/MCUXpressoIDE_25.6.136/ide/plugins/com.nxp.mcuxpresso.tools.macosx_25.6.0.202501151204/tools/bin/../lib/gcc/arm-none-eabi/14.2.1/../../../../arm-none-eabi/lib/thumb/v8-m.main/nofp/libc_nano.a(libc_a-reallocr.o)
                0x00008e76                _realloc_r
 .text.__swbuf_r
                0x00008ed2       0x7c /Applications/MCUXpressoIDE_25.6.136/ide/plugins/com.nxp.mcuxpresso.tools.macosx_25.6.0.202501151204/tools/bin/../lib/gcc/arm-none-eabi/14.2.1/../../../../arm-none-eabi/lib/thumb/v8-m.main/nofp/libc_nano.a(libc_a-wbuf.o)
                0x00008ed2                __swbuf_r
 .text._fwalk_sglue
                0x00008f4e       0x3c /Applications/MCUXpressoIDE_25.6.136/ide/plugins/com.nxp.mcuxpresso.tools.macosx_25.6.0.202501151204/tools/bin/../lib/gcc/arm-none-eabi/14.2.1/../../../../arm-none-eabi/lib/thumb/v8-m.main/nofp/libc_nano.a(libc_a-fwalk.o)
                0x00008f4e                _fwalk_sglue
 .text.__ascii_wctomb
                0x00008f8a       0x1a /Applications/MCUXpressoIDE_25.6.136/ide/plugins/com.nxp.mcuxpresso.tools.macosx_25.6.0.202501151204/tools/bin/../lib/gcc/arm-none-eabi/14.2.1/../../../../arm-none-eabi/lib/thumb/v8-m.main/nofp/libc_nano.a(libc_a-wctomb_r.o)
                0x00008f8a                __ascii_wctomb
 .text.__swhatbuf_r
                0x00008fa4       0x48 /Applications/MCUXpressoIDE_25.6.136/ide/plugins/com.nxp.mcuxpresso.tools.macosx_25.6.0.202501151204/tools/bin/../lib/gcc/arm-none-eabi/14.2.1/../../../../arm-none-eabi/lib/thumb/v8-m.main/nofp/libc_nano.a(libc_a-makebuf.o)
                0x00008fa4                __swhatbuf_r
 .text.__smakebuf_r
                0x00008fec       0x72 /Applications/MCUXpressoIDE_25.6.136/ide/plugins/com.nxp.mcuxpresso.tools.macosx_25.6.0.202501151204/tools/bin/../lib/gcc/arm-none-eabi/14.2.1/../../../../arm-none-eabi/lib/thumb/v8-m.main/nofp/libc_nano.a(libc_a-makebuf.o)
                0x00008fec                __smakebuf_r
 .text.memmove  0x0000905e       0x32 /Applications/MCUXpressoIDE_25.6.136/ide/plugins/com.nxp.mcuxpresso.tools.macosx_25.6.0.202501151204/tools/bin/../lib/gcc/arm-none-eabi/14.2.1/../../../../arm-none-eabi/lib/thumb/v8-m.main/nofp/libc_nano.a(libc_a-memmove.o)
                0x0000905e                memmove
 .text.__retarget_lock_init_recursive
                0x00009090        0x2 /Applications/MCUXpressoIDE_25.6.136/ide/plugins/com.nxp.mcuxpresso.tools.macosx_25.6.0.202501151204/tools/bin/../lib/gcc/arm-none-eabi/14.2.1/../../../../arm-none-eabi/lib/thumb/v8-m.main/nofp/libc_nano.a(libc_a-lock.o)
                0x00009090                __retarget_lock_init_recursive
 .text.__retarget_lock_acquire_recursive
                0x00009092        0x2 /Applications/MCUXpressoIDE_25.6.136/ide/plugins/com.nxp.mcuxpresso.tools.macosx_25.6.0.202501151204/tools/bin/../lib/gcc/arm-none-eabi/14.2.1/../../../../arm-none-eabi/lib/thumb/v8-m.main/nofp/libc_nano.a(libc_a-lock.o)
                0x00009092                __retarget_lock_acquire_recursive
 .text.__retarget_lock_release_recursive
                0x00009094        0x2 /Applications/MCUXpressoIDE_25.6.136/ide/plugins/com.nxp.mcuxpresso.tools.macosx_25.6.0.202501151204/tools/bin/../lib/gcc/arm-none-eabi/14.2.1/../../../../arm-none-eabi/lib/thumb/v8-m.main/nofp/libc_nano.a(libc_a-lock.o)
                0x00009094                __retarget_lock_release_recursive
 .text._calloc_r
                0x00009096       0x28 /Applications/MCUXpressoIDE_25.6.136/ide/plugins/com.nxp.mcuxpresso.tools.macosx_25.6.0.202501151204/tools/bin/../lib/gcc/arm-none-eabi/14.2.1/../../../../arm-none-eabi/lib/thumb/v8-m.main/nofp/libc_nano.a(libc_a-callocr.o)
                0x00009096                _calloc_r
 .text._fflush_r
                0x000090be       0x50 /Applications/MCUXpressoIDE_25.6.136/ide/plugins/com.nxp.mcuxpresso.tools.macosx_25.6.0.202501151204/tools/bin/../lib/gcc/arm-none-eabi/14.2.1/../../../../arm-none-eabi/lib/thumb/v8-m.main/nofp/libc_nano.a(libc_a-fflush.o)
                0x000090be                _fflush_r
 .text._malloc_usable_size_r
                0x0000910e       0x10 /Applications/MCUXpressoIDE_25.6.136/ide/plugins/com.nxp.mcuxpresso.tools.macosx_25.6.0.202501151204/tools/bin/../lib/gcc/arm-none-eabi/14.2.1/../../../../arm-none-eabi/lib/thumb/v8-m.main/nofp/libc_nano.a(libc_a-msizer.o)
                0x0000910e                _malloc_usable_size_r
 .text.__sread  0x0000911e       0x22 /Applications/MCUXpressoIDE_25.6.136/ide/plugins/com.nxp.mcuxpresso.tools.macosx_25.6.0.202501151204/tools/bin/../lib/gcc/arm-none-eabi/14.2.1/../../../../arm-none-eabi/lib/thumb/v8-m.main/nofp/libc_nano.a(libc_a-stdio.o)
                0x0000911e                __sread
 .text.__swrite
                0x00009140       0x38 /Applications/MCUXpressoIDE_25.6.136/ide/plugins/com.nxp.mcuxpresso.tools.macosx_25.6.0.202501151204/tools/bin/../lib/gcc/arm-none-eabi/14.2.1/../../../../arm-none-eabi/lib/thumb/v8-m.main/nofp/libc_nano.a(libc_a-stdio.o)
                0x00009140                __swrite
 .text.__sseek  0x00009178       0x26 /Applications/MCUXpressoIDE_25.6.136/ide/plugins/com.nxp.mcuxpresso.tools.macosx_25.6.0.202501151204/tools/bin/../lib/gcc/arm-none-eabi/14.2.1/../../../../arm-none-eabi/lib/thumb/v8-m.main/nofp/libc_nano.a(libc_a-stdio.o)
                0x00009178                __sseek
 .text.__sclose
                0x0000919e        0x8 /Applications/MCUXpressoIDE_25.6.136/ide/plugins/com.nxp.mcuxpresso.tools.macosx_25.6.0.202501151204/tools/bin/../lib/gcc/arm-none-eabi/14.2.1/../../../../arm-none-eabi/lib/thumb/v8-m.main/nofp/libc_nano.a(libc_a-stdio.o)
                0x0000919e                __sclose
 .text._ZdlPvj  0x000091a6        0x4 /Applications/MCUXpressoIDE_25.6.136/ide/plugins/com.nxp.mcuxpresso.tools.macosx_25.6.0.202501151204/tools/bin/../lib/gcc/arm-none-eabi/14.2.1/../../../../arm-none-eabi/lib/thumb/v8-m.main/nofp/libstdc++_nano.a(del_ops.o)
                0x000091a6                operator delete(void*, unsigned int)
 .text._ZdlPv   0x000091aa        0x4 /Applications/MCUXpressoIDE_25.6.136/ide/plugins/com.nxp.mcuxpresso.tools.macosx_25.6.0.202501151204/tools/bin/../lib/gcc/arm-none-eabi/14.2.1/../../../../arm-none-eabi/lib/thumb/v8-m.main/nofp/libstdc++_nano.a(del_op.o)
                0x000091aa                operator delete(void*)
 .text.error    0x000091ae       0x1c /Applications/MCUXpressoIDE_25.6.136/ide/plugins/com.nxp.mcuxpresso.tools.macosx_25.6.0.202501151204/tools/bin/../lib/gcc/arm-none-eabi/14.2.1/../../../../arm-none-eabi/lib/thumb/v8-m.main/nofp/libcr_newlib_semihost.a(syscalls.o)
 .text.checkerror