../source/r01lib/i3c.cpp:124:6:virtual void I3C::mode(MODE)	0	static
../source/r01lib/i3c.cpp:186:6:virtual void I3C::set_IBI_callback(i3c_func_ptr)	0	static
../source/r01lib/i3c.cpp:235:9:virtual uint8_t I3C::check_IBI()	0	static
../source/r01lib/i3c.cpp:273:6:static void I3C::master_callback(I3C_Type*, i3c_master_handle_t*, status_t, void*)	0	static
../source/r01lib/i3c.cpp:104:1:I3C::~I3C()	8	static
../source/r01lib/i3c.cpp:108:6:virtual void I3C::frequency(uint32_t, uint32_t, uint32_t)	24	static
../source/r01lib/i3c.cpp:119:6:virtual void I3C::frequency()	8	static
../source/r01lib/i3c.cpp:288:5:virtual int I3C::DAA(const uint8_t*, uint8_t, i3c_device_info_t**)	16	static
../source/r01lib/i3c.cpp:245:6:static void I3C::master_ibi_callback(I3C_Type*, i3c_master_handle_t*, i3c_ibi_type_t, i3c_ibi_state_t)	8	static
../source/r01lib/i3c.cpp:104:1:virtual I3C::~I3C()	8	static
../source/r01lib/i3c.cpp:140:10:virtual status_t I3C::reg_write(uint8_t, uint8_t, const uint8_t*, int, bool)	40	static
../source/r01lib/i3c.cpp:145:10:virtual status_t I3C::reg_read(uint8_t, uint8_t, uint8_t*, int, bool)	40	static
../source/r01lib/i3c.cpp:129:10:virtual status_t I3C::write(uint8_t, const uint8_t*, int, bool)	40	static
../source/r01lib/i3c.cpp:134:10:virtual status_t I3C::read(uint8_t, uint8_t*, int, bool)	40	static
../source/r01lib/i3c.cpp:225:10:virtual status_t I3C::ccc_get(uint8_t, uint8_t, uint8_t*, uint8_t)	80	static
../source/r01lib/i3c.cpp:215:10:virtual status_t I3C::ccc_set(uint8_t, uint8_t, uint8_t)	72	static
../source/r01lib/i3c.cpp:192:10:virtual status_t I3C::ccc_broadcast(uint8_t, const uint8_t*, uint8_t, bool)	72	static
../source/r01lib/i3c.cpp:150:10:status_t I3C::reg_xfer(i3c_direction_t, i3c_bus_type_t, uint8_t, uint8_t, uint8_t, uint8_t*, int, bool)	40	static
../source/r01lib/i3c.cpp:166:10:status_t I3C::xfer(i3c_direction_t, i3c_bus_type_t, uint8_t, uint8_t*, int, bool)	40	static
../source/r01lib/i3c.cpp:49:1:I3C::I3C(int, int, uint32_t, uint32_t, uint32_t)	80	static
