../source/r01device/misc/lcd/I2C_Character_LCD.h:22:10:I2C_Character_LCD::~I2C_Character_LCD()	8	static
../source/r01device/misc/lcd/I2C_Character_LCD.h:42:7:AE_AQM0802::~AE_AQM0802()	8	static
../source/r01device/misc/lcd/I2C_Character_LCD.h:60:7:AQM0802::~AQM0802()	8	static
../source/r01device/misc/lcd/I2C_Character_LCD.h:48:7:ACM2004D_FLW_FBW_IIC::~ACM2004D_FLW_FBW_IIC()	8	static
../source/r01device/misc/lcd/I2C_Character_LCD.h:65:7:ACM2004::~ACM2004()	8	static
../source/r01device/misc/lcd/I2C_Character_LCD.h:54:7:ACM1602NI_FLW_FBW::~ACM1602NI_FLW_FBW()	8	static
../source/r01device/misc/lcd/I2C_Character_LCD.h:70:7:ACM1602::~ACM1602()	8	static
../source/r01device/misc/lcd/I2C_Character_LCD.h:22:10:virtual I2C_Character_LCD::~I2C_Character_LCD()	8	static
../source/r01device/misc/lcd/I2C_Character_LCD.h:42:7:virtual AE_AQM0802::~AE_AQM0802()	8	static
../source/r01device/misc/lcd/I2C_Character_LCD.h:60:7:virtual AQM0802::~AQM0802()	8	static
../source/r01device/misc/lcd/I2C_Character_LCD.h:48:7:virtual ACM2004D_FLW_FBW_IIC::~ACM2004D_FLW_FBW_IIC()	8	static
../source/r01device/misc/lcd/I2C_Character_LCD.h:65:7:virtual ACM2004::~ACM2004()	8	static
../source/r01device/misc/lcd/I2C_Character_LCD.h:54:7:virtual ACM1602NI_FLW_FBW::~ACM1602NI_FLW_FBW()	8	static
../source/r01device/misc/lcd/I2C_Character_LCD.h:70:7:virtual ACM1602::~ACM1602()	8	static
../source/r01device/misc/lcd/I2C_Character_LCD.cpp:11:1:I2C_Character_LCD::I2C_Character_LCD(I2C&, uint8_t, const std::vector<unsigned char>&, size_t, uint8_t, uint8_t)	24	static
../source/r01device/misc/lcd/I2C_Character_LCD.cpp:16:6:void I2C_Character_LCD::send(bool, uint8_t)	0	static
../source/r01device/misc/lcd/I2C_Character_LCD.cpp:21:6:void I2C_Character_LCD::command(uint8_t)	8	static
../source/r01device/misc/lcd/I2C_Character_LCD.cpp:28:6:void I2C_Character_LCD::data(uint8_t)	8	static
../source/r01device/misc/lcd/I2C_Character_LCD.cpp:34:6:void I2C_Character_LCD::clear()	8	static
../source/r01device/misc/lcd/I2C_Character_LCD.cpp:39:6:void I2C_Character_LCD::putc(char)	8	static
../source/r01device/misc/lcd/I2C_Character_LCD.cpp:44:6:void I2C_Character_LCD::puts(const char*, size_t)	16	static
../source/r01device/misc/lcd/I2C_Character_LCD.cpp:59:6:)	152	static
../source/r01device/misc/lcd/I2C_Character_LCD.cpp:73:1:AE_AQM0802::AE_AQM0802(I2C&)	96	static
../source/r01device/misc/lcd/I2C_Character_LCD.cpp:88:1:ACM2004D_FLW_FBW_IIC::ACM2004D_FLW_FBW_IIC(I2C&)	56	static
../source/r01device/misc/lcd/I2C_Character_LCD.cpp:102:1:ACM1602NI_FLW_FBW::ACM1602NI_FLW_FBW(I2C&)	56	static
../source/r01device/misc/lcd/I2C_Character_LCD.cpp:114:1:AQM0802::AQM0802(I2C&)	8	static
../source/r01device/misc/lcd/I2C_Character_LCD.cpp:115:1:ACM2004::ACM2004(I2C&)	8	static
../source/r01device/misc/lcd/I2C_Character_LCD.cpp:116:1:ACM1602::ACM1602(I2C&)	8	static
