../source/r01device/lcd/LCDDriver.cpp:28:1:PCA8561::~PCA8561()	8	static
../source/r01device/lcd/LCDDriver.cpp:28:1:virtual PCA8561::~PCA8561()	8	static
../source/r01device/lcd/LCDDriver.cpp:13:1:PCA8561::PCA8561(I2C&, uint8_t)	8	static
../source/r01device/lcd/LCDDriver.cpp:18:6:void PCA8561::init()	8	static
../source/r01device/lcd/LCDDriver.cpp:32:6:void PCA8561::begin()	0	static
../source/r01device/lcd/LCDDriver.cpp:37:6:void PCA8561::com_seg(int, int, bool)	72	static
../source/r01device/lcd/LCDDriver.cpp:80:6:void PCA8561::flush()	4	static
../source/r01device/lcd/LCDDriver.cpp:85:6:void PCA8561::clear(bool)	4	static
../source/r01device/lcd/LCDDriver.cpp:96:6:void PCA8561::char2seg(int, int)	16	static
../source/r01device/lcd/LCDDriver.cpp:57:6:void PCA8561::putchar(char)	16	static
../source/r01device/lcd/LCDDriver.cpp:49:6:void PCA8561::puts(const char*, int)	24	static
